Component: ARM Compiler 5.06 update 1 (build 61) Tool: armlink [4d35a8]

==============================================================================

Section Cross References

    startup_stm32f103xb.o(RESET) refers to startup_stm32f103xb.o(STACK) for __initial_sp
    startup_stm32f103xb.o(RESET) refers to startup_stm32f103xb.o(.text) for Reset_Handler
    startup_stm32f103xb.o(RESET) refers to stm32f1xx_it.o(i.NMI_Handler) for NMI_Handler
    startup_stm32f103xb.o(RESET) refers to stm32f1xx_it.o(i.HardFault_Handler) for HardFault_Handler
    startup_stm32f103xb.o(RESET) refers to stm32f1xx_it.o(i.MemManage_Handler) for MemManage_Handler
    startup_stm32f103xb.o(RESET) refers to stm32f1xx_it.o(i.BusFault_Handler) for BusFault_Handler
    startup_stm32f103xb.o(RESET) refers to stm32f1xx_it.o(i.UsageFault_Handler) for UsageFault_Handler
    startup_stm32f103xb.o(RESET) refers to stm32f1xx_it.o(i.SVC_Handler) for SVC_Handler
    startup_stm32f103xb.o(RESET) refers to stm32f1xx_it.o(i.DebugMon_Handler) for DebugMon_Handler
    startup_stm32f103xb.o(RESET) refers to stm32f1xx_it.o(i.PendSV_Handler) for PendSV_Handler
    startup_stm32f103xb.o(RESET) refers to stm32f1xx_it.o(i.SysTick_Handler) for SysTick_Handler
    startup_stm32f103xb.o(RESET) refers to stm32f1xx_it.o(i.EXTI1_IRQHandler) for EXTI1_IRQHandler
    startup_stm32f103xb.o(RESET) refers to stm32f1xx_it.o(i.DMA1_Channel1_IRQHandler) for DMA1_Channel1_IRQHandler
    startup_stm32f103xb.o(RESET) refers to stm32f1xx_it.o(i.USB_LP_CAN1_RX0_IRQHandler) for USB_LP_CAN1_RX0_IRQHandler
    startup_stm32f103xb.o(RESET) refers to stm32f1xx_it.o(i.TIM1_UP_IRQHandler) for TIM1_UP_IRQHandler
    startup_stm32f103xb.o(.text) refers to system_stm32f1xx.o(i.SystemInit) for SystemInit
    startup_stm32f103xb.o(.text) refers to entry.o(.ARM.Collect$$$$00000000) for __main
    stm32f1xx_it.o(i.DMA1_Channel1_IRQHandler) refers to stm32f1xx_hal_dma.o(i.HAL_DMA_IRQHandler) for HAL_DMA_IRQHandler
    stm32f1xx_it.o(i.DMA1_Channel1_IRQHandler) refers to main.o(.bss) for hdma_adc1
    stm32f1xx_it.o(i.EXTI1_IRQHandler) refers to stm32f1xx_hal_gpio.o(i.HAL_GPIO_EXTI_IRQHandler) for HAL_GPIO_EXTI_IRQHandler
    stm32f1xx_it.o(i.SysTick_Handler) refers to stm32f1xx_hal.o(i.HAL_IncTick) for HAL_IncTick
    stm32f1xx_it.o(i.SysTick_Handler) refers to stm32f1xx_hal_cortex.o(i.HAL_SYSTICK_IRQHandler) for HAL_SYSTICK_IRQHandler
    stm32f1xx_it.o(i.TIM1_UP_IRQHandler) refers to stm32f1xx_hal_tim.o(i.HAL_TIM_IRQHandler) for HAL_TIM_IRQHandler
    stm32f1xx_it.o(i.TIM1_UP_IRQHandler) refers to mpu6500.o(i.mpu6500_ReadtoUSB) for mpu6500_ReadtoUSB
    stm32f1xx_it.o(i.TIM1_UP_IRQHandler) refers to main.o(.bss) for htim1
    stm32f1xx_it.o(i.USB_LP_CAN1_RX0_IRQHandler) refers to stm32f1xx_hal_pcd.o(i.HAL_PCD_IRQHandler) for HAL_PCD_IRQHandler
    stm32f1xx_it.o(i.USB_LP_CAN1_RX0_IRQHandler) refers to usbd_conf.o(.bss) for hpcd_USB_FS
    main.o(i.MX_ADC1_Init) refers to stm32f1xx_hal_adc.o(i.HAL_ADC_Init) for HAL_ADC_Init
    main.o(i.MX_ADC1_Init) refers to stm32f1xx_hal_adc.o(i.HAL_ADC_ConfigChannel) for HAL_ADC_ConfigChannel
    main.o(i.MX_ADC1_Init) refers to main.o(.bss) for .bss
    main.o(i.MX_GPIO_Init) refers to stm32f1xx_hal_gpio.o(i.HAL_GPIO_WritePin) for HAL_GPIO_WritePin
    main.o(i.MX_GPIO_Init) refers to stm32f1xx_hal_gpio.o(i.HAL_GPIO_Init) for HAL_GPIO_Init
    main.o(i.MX_GPIO_Init) refers to stm32f1xx_hal_cortex.o(i.HAL_NVIC_SetPriority) for HAL_NVIC_SetPriority
    main.o(i.MX_GPIO_Init) refers to stm32f1xx_hal_cortex.o(i.HAL_NVIC_EnableIRQ) for HAL_NVIC_EnableIRQ
    main.o(i.MX_SPI1_Init) refers to stm32f1xx_hal_spi_ex.o(i.HAL_SPI_Init) for HAL_SPI_Init
    main.o(i.MX_SPI1_Init) refers to main.o(.bss) for .bss
    main.o(i.MX_TIM1_Init) refers to stm32f1xx_hal_tim.o(i.HAL_TIM_Base_Init) for HAL_TIM_Base_Init
    main.o(i.MX_TIM1_Init) refers to stm32f1xx_hal_tim.o(i.HAL_TIM_ConfigClockSource) for HAL_TIM_ConfigClockSource
    main.o(i.MX_TIM1_Init) refers to stm32f1xx_hal_tim_ex.o(i.HAL_TIMEx_MasterConfigSynchronization) for HAL_TIMEx_MasterConfigSynchronization
    main.o(i.MX_TIM1_Init) refers to main.o(.bss) for .bss
    main.o(i.SystemClock_Config) refers to stm32f1xx_hal_rcc.o(i.HAL_RCC_OscConfig) for HAL_RCC_OscConfig
    main.o(i.SystemClock_Config) refers to stm32f1xx_hal_rcc.o(i.HAL_RCC_ClockConfig) for HAL_RCC_ClockConfig
    main.o(i.SystemClock_Config) refers to stm32f1xx_hal_rcc_ex.o(i.HAL_RCCEx_PeriphCLKConfig) for HAL_RCCEx_PeriphCLKConfig
    main.o(i.SystemClock_Config) refers to stm32f1xx_hal_rcc.o(i.HAL_RCC_GetHCLKFreq) for HAL_RCC_GetHCLKFreq
    main.o(i.SystemClock_Config) refers to stm32f1xx_hal_cortex.o(i.HAL_SYSTICK_Config) for HAL_SYSTICK_Config
    main.o(i.SystemClock_Config) refers to stm32f1xx_hal_cortex.o(i.HAL_SYSTICK_CLKSourceConfig) for HAL_SYSTICK_CLKSourceConfig
    main.o(i.SystemClock_Config) refers to stm32f1xx_hal_cortex.o(i.HAL_NVIC_SetPriority) for HAL_NVIC_SetPriority
[...]
    ../clib/microlib/init/entry.s            0x00000000   Number         0  entry8a.o ABSOLUTE
    ../clib/microlib/init/entry.s            0x00000000   Number         0  entry7b.o ABSOLUTE
    ../clib/microlib/init/entry.s            0x00000000   Number         0  entry7a.o ABSOLUTE
    ../clib/microlib/init/entry.s            0x00000000   Number         0  entry5.o ABSOLUTE
    ../clib/microlib/init/entry.s            0x00000000   Number         0  entry2.o ABSOLUTE
    ../clib/microlib/init/entry.s            0x00000000   Number         0  entry11b.o ABSOLUTE
    ../clib/microlib/init/entry.s            0x00000000   Number         0  entry10a.o ABSOLUTE
    ../clib/microlib/init/entry.s            0x00000000   Number         0  entry9b.o ABSOLUTE
    ../clib/microlib/init/entry.s            0x00000000   Number         0  entry10b.o ABSOLUTE
    ../clib/microlib/init/entry.s            0x00000000   Number         0  entry9a.o ABSOLUTE
    ../clib/microlib/init/entry.s            0x00000000   Number         0  entry11a.o ABSOLUTE
    ../clib/microlib/longlong.c              0x00000000   Number         0  llushr.o ABSOLUTE
    ../clib/microlib/string/memcpy.c         0x00000000   Number         0  memcpyb.o ABSOLUTE
    ../clib/microlib/string/memcpy.c         0x00000000   Number         0  memcpya.o ABSOLUTE
    ..\Drivers\STM32F1xx_HAL_Driver\Src\stm32f1xx_hal.c 0x00000000   Number         0  stm32f1xx_hal.o ABSOLUTE
    ..\Drivers\STM32F1xx_HAL_Driver\Src\stm32f1xx_hal_adc.c 0x00000000   Number         0  stm32f1xx_hal_adc.o ABSOLUTE
    ..\Drivers\STM32F1xx_HAL_Driver\Src\stm32f1xx_hal_adc_ex.c 0x00000000   Number         0  stm32f1xx_hal_adc_ex.o ABSOLUTE
    ..\Drivers\STM32F1xx_HAL_Driver\Src\stm32f1xx_hal_cortex.c 0x00000000   Number         0  stm32f1xx_hal_cortex.o ABSOLUTE
    ..\Drivers\STM32F1xx_HAL_Driver\Src\stm32f1xx_hal_dma.c 0x00000000   Number         0  stm32f1xx_hal_dma.o ABSOLUTE
    ..\Drivers\STM32F1xx_HAL_Driver\Src\stm32f1xx_hal_flash.c 0x00000000   Number         0  stm32f1xx_hal_flash.o ABSOLUTE
    ..\Drivers\STM32F1xx_HAL_Driver\Src\stm32f1xx_hal_flash_ex.c 0x00000000   Number         0  stm32f1xx_hal_flash_ex.o ABSOLUTE
    ..\Drivers\STM32F1xx_HAL_Driver\Src\stm32f1xx_hal_gpio.c 0x00000000   Number         0  stm32f1xx_hal_gpio.o ABSOLUTE
    ..\Drivers\STM32F1xx_HAL_Driver\Src\stm32f1xx_hal_gpio_ex.c 0x00000000   Number         0  stm32f1xx_hal_gpio_ex.o ABSOLUTE
    ..\Drivers\STM32F1xx_HAL_Driver\Src\stm32f1xx_hal_pcd.c 0x00000000   Number         0  stm32f1xx_hal_pcd.o ABSOLUTE
    ..\Drivers\STM32F1xx_HAL_Driver\Src\stm32f1xx_hal_pcd_ex.c 0x00000000   Number         0  stm32f1xx_hal_pcd_ex.o ABSOLUTE
    ..\Drivers\STM32F1xx_HAL_Driver\Src\stm32f1xx_hal_pwr.c 0x00000000   Number         0  stm32f1xx_hal_pwr.o ABSOLUTE
    ..\Drivers\STM32F1xx_HAL_Driver\Src\stm32f1xx_hal_rcc.c 0x00000000   Number         0  stm32f1xx_hal_rcc.o ABSOLUTE
    ..\Drivers\STM32F1xx_HAL_Driver\Src\stm32f1xx_hal_rcc_ex.c 0x00000000   Number         0  stm32f1xx_hal_rcc_ex.o ABSOLUTE
    ..\Drivers\STM32F1xx_HAL_Driver\Src\stm32f1xx_hal_spi.c 0x00000000   Number         0  stm32f1xx_hal_spi.o ABSOLUTE
    ..\Drivers\STM32F1xx_HAL_Driver\Src\stm32f1xx_hal_spi_ex.c 0x00000000   Number         0  stm32f1xx_hal_spi_ex.o ABSOLUTE
    ..\Drivers\STM32F1xx_HAL_Driver\Src\stm32f1xx_hal_tim.c 0x00000000   Number         0  stm32f1xx_hal_tim.o ABSOLUTE
    ..\Drivers\STM32F1xx_HAL_Driver\Src\stm32f1xx_hal_tim_ex.c 0x00000000   Number         0  stm32f1xx_hal_tim_ex.o ABSOLUTE
    ..\Drivers\STM32F1xx_HAL_Driver\Src\stm32f1xx_hal_uart.c 0x00000000   Number         0  stm32f1xx_hal_uart.o ABSOLUTE
    ..\Drivers\STM32F1xx_HAL_Driver\Src\stm32f1xx_ll_usb.c 0x00000000   Number         0  stm32f1xx_ll_usb.o ABSOLUTE
    ..\Middlewares\ST\STM32_USB_Device_Library\Class\CDC\Src\usbd_cdc.c 0x00000000   Number         0  usbd_cdc.o ABSOLUTE
    ..\Middlewares\ST\STM32_USB_Device_Library\Core\Src\usbd_core.c 0x00000000   Number         0  usbd_core.o ABSOLUTE
    ..\Middlewares\ST\STM32_USB_Device_Library\Core\Src\usbd_ctlreq.c 0x00000000   Number         0  usbd_ctlreq.o ABSOLUTE
    ..\Middlewares\ST\STM32_USB_Device_Library\Core\Src\usbd_ioreq.c 0x00000000   Number         0  usbd_ioreq.o ABSOLUTE
    ..\Src\main.c                            0x00000000   Number         0  main.o ABSOLUTE
    ..\Src\mpu6500.c                         0x00000000   Number         0  mpu6500.o ABSOLUTE
    ..\Src\stm32f1xx_hal_msp.c               0x00000000   Number         0  stm32f1xx_hal_msp.o ABSOLUTE
    ..\Src\stm32f1xx_it.c                    0x00000000   Number         0  stm32f1xx_it.o ABSOLUTE
    ..\Src\sys.c                             0x00000000   Number         0  sys.o ABSOLUTE
    ..\Src\system_stm32f1xx.c                0x00000000   Number         0  system_stm32f1xx.o ABSOLUTE
    ..\Src\usb_device.c                      0x00000000   Number         0  usb_device.o ABSOLUTE
    ..\Src\usbd_cdc_if.c                     0x00000000   Number         0  usbd_cdc_if.o ABSOLUTE
    ..\Src\usbd_conf.c                       0x00000000   Number         0  usbd_conf.o ABSOLUTE
    ..\Src\usbd_desc.c                       0x00000000   Number         0  usbd_desc.o ABSOLUTE
    ..\\Src\\mpu6500.c                       0x00000000   Number         0  mpu6500.o ABSOLUTE
    ..\\Src\\sys.c                           0x00000000   Number         0  sys.o ABSOLUTE
    dc.s                                     0x00000000   Number         0  dc.o ABSOLUTE
    handlers.s                               0x00000000   Number         0  handlers.o ABSOLUTE
    init.s                                   0x00000000   Number         0  init.o ABSOLUTE
    startup_stm32f103xb.s                    0x00000000   Number         0  startup_stm32f103xb.o ABSOLUTE
    RESET                                    0x08000000   Section      236  startup_stm32f103xb.o(RESET)
    .ARM.Collect$$$$00000000                 0x080000ec   Section        0  entry.o(.ARM.Collect$$$$00000000)
    .ARM.Collect$$$$00000001                 0x080000ec   Section        4  entry2.o(.ARM.Collect$$$$00000001)
    .ARM.Collect$$$$00000004                 0x080000f0   Section        4  entry5.o(.ARM.Collect$$$$00000004)
    .ARM.Collect$$$$00000008                 0x080000f4   Section        0  entry7b.o(.ARM.Collect$$$$00000008)
    .ARM.Collect$$$$0000000A                 0x080000f4   Section        0  entry8b.o(.ARM.Collect$$$$0000000A)
    .ARM.Collect$$$$0000000B                 0x080000f4   Section        8  entry9a.o(.ARM.Collect$$$$0000000B)
    .ARM.Collect$$$$0000000D                 0x080000fc   Section        0  entry10a.o(.ARM.Collect$$$$0000000D)
    .ARM.Collect$$$$0000000F                 0x080000fc   Section        0  entry11a.o(.ARM.Collect$$$$0000000F)
    .ARM.Collect$$$$00002712                 0x080000fc   Section        4  entry2.o(.ARM.Collect$$$$00002712)
    __lit__00000000                          0x080000fc   Data           4  entry2.o(.ARM.Collect$$$$00002712)
    .text                                    0x08000100   Section       36  startup_stm32f103xb.o(.text)
    .text                                    0x08000124   Section        0  memcpya.o(.text)
    .text                                    0x08000148   Section       36  init.o(.text)
    .text                                    0x0800016c   Section        0  __dczerorl2.o(.text)
    i.ADC_ConversionStop_Disable             0x080001c4   Section        0  stm32f1xx_hal_adc.o(i.ADC_ConversionStop_Disable)
    i.ADC_DMAConvCplt                        0x08000210   Section        0  stm32f1xx_hal_adc.o(i.ADC_DMAConvCplt)
    i.ADC_DMAError                           0x0800025e   Section        0  stm32f1xx_hal_adc.o(i.ADC_DMAError)
    i.ADC_DMAHalfConvCplt                    0x08000278   Section        0  stm32f1xx_hal_adc.o(i.ADC_DMAHalfConvCplt)
    i.ADC_Enable                             0x08000284   Section        0  stm32f1xx_hal_adc.o(i.ADC_Enable)
    i.BusFault_Handler                       0x080002f4   Section        0  stm32f1xx_it.o(i.BusFault_Handler)
    i.CDC_Control_FS                         0x080002f6   Section        0  usbd_cdc_if.o(i.CDC_Control_FS)
    CDC_Control_FS                           0x080002f7   Thumb Code     4  usbd_cdc_if.o(i.CDC_Control_FS)
    i.CDC_DeInit_FS                          0x080002fa   Section        0  usbd_cdc_if.o(i.CDC_DeInit_FS)
    CDC_DeInit_FS                            0x080002fb   Thumb Code     4  usbd_cdc_if.o(i.CDC_DeInit_FS)
    i.CDC_Init_FS                            0x08000300   Section        0  usbd_cdc_if.o(i.CDC_Init_FS)
    CDC_Init_FS                              0x08000301   Thumb Code    26  usbd_cdc_if.o(i.CDC_Init_FS)
    i.CDC_Receive_FS                         0x08000324   Section        0  usbd_cdc_if.o(i.CDC_Receive_FS)
    CDC_Receive_FS                           0x08000325   Thumb Code    38  usbd_cdc_if.o(i.CDC_Receive_FS)
    i.CDC_Transmit_FS                        0x08000354   Section        0  usbd_cdc_if.o(i.CDC_Transmit_FS)
    i.DMA1_Channel1_IRQHandler               0x08000380   Section        0  stm32f1xx_it.o(i.DMA1_Channel1_IRQHandler)
    i.DMA_SetConfig                          0x0800038c   Section        0  stm32f1xx_hal_dma.o(i.DMA_SetConfig)
    DMA_SetConfig                            0x0800038d   Thumb Code    30  stm32f1xx_hal_dma.o(i.DMA_SetConfig)
    i.DebugMon_Handler                       0x080003aa   Section        0  stm32f1xx_it.o(i.DebugMon_Handler)
    i.EXTI1_IRQHandler                       0x080003ac   Section        0  stm32f1xx_it.o(i.EXTI1_IRQHandler)
    i.HAL_ADC_ConfigChannel                  0x080003b4   Section        0  stm32f1xx_hal_adc.o(i.HAL_ADC_ConfigChannel)
    i.HAL_ADC_ConvCpltCallback               0x0800051c   Section        0  stm32f1xx_hal_adc.o(i.HAL_ADC_ConvCpltCallback)
    i.HAL_ADC_ConvHalfCpltCallback           0x0800051e   Section        0  stm32f1xx_hal_adc.o(i.HAL_ADC_ConvHalfCpltCallback)
    i.HAL_ADC_ErrorCallback                  0x08000520   Section        0  stm32f1xx_hal_adc.o(i.HAL_ADC_ErrorCallback)
    i.HAL_ADC_Init                           0x08000524   Section        0  stm32f1xx_hal_adc.o(i.HAL_ADC_Init)
    i.HAL_ADC_MspInit                        0x08000658   Section        0  stm32f1xx_hal_msp.o(i.HAL_ADC_MspInit)
    i.HAL_ADC_Start_DMA                      0x080006f0   Section        0  stm32f1xx_hal_adc.o(i.HAL_ADC_Start_DMA)
    i.HAL_DMA_IRQHandler                     0x080007fc   Section        0  stm32f1xx_hal_dma.o(i.HAL_DMA_IRQHandler)
    i.HAL_DMA_Init                           0x08000a68   Section        0  stm32f1xx_hal_dma.o(i.HAL_DMA_Init)
    i.HAL_DMA_Start_IT                       0x08000ab8   Section        0  stm32f1xx_hal_dma.o(i.HAL_DMA_Start_IT)
    i.HAL_Delay                              0x08000b10   Section        0  stm32f1xx_hal.o(i.HAL_Delay)
    i.HAL_GPIO_EXTI_Callback                 0x08000b26   Section        0  stm32f1xx_hal_gpio.o(i.HAL_GPIO_EXTI_Callback)
    i.HAL_GPIO_EXTI_IRQHandler               0x08000b28   Section        0  stm32f1xx_hal_gpio.o(i.HAL_GPIO_EXTI_IRQHandler)
    i.HAL_GPIO_Init                          0x08000b40   Section        0  stm32f1xx_hal_gpio.o(i.HAL_GPIO_Init)
    i.HAL_GPIO_WritePin                      0x08000cfc   Section        0  stm32f1xx_hal_gpio.o(i.HAL_GPIO_WritePin)
    i.HAL_GetTick                            0x08000d08   Section        0  stm32f1xx_hal.o(i.HAL_GetTick)
    i.HAL_IncTick                            0x08000d14   Section        0  stm32f1xx_hal.o(i.HAL_IncTick)
    i.HAL_Init                               0x08000d24   Section        0  stm32f1xx_hal.o(i.HAL_Init)
    i.HAL_InitTick                           0x08000d48   Section        0  stm32f1xx_hal.o(i.HAL_InitTick)
    i.HAL_MspInit                            0x08000d6c   Section        0  stm32f1xx_hal_msp.o(i.HAL_MspInit)
    i.HAL_NVIC_EnableIRQ                     0x08000dec   Section        0  stm32f1xx_hal_cortex.o(i.HAL_NVIC_EnableIRQ)
    i.HAL_NVIC_SetPriority                   0x08000e04   Section        0  stm32f1xx_hal_cortex.o(i.HAL_NVIC_SetPriority)
    i.HAL_NVIC_SetPriorityGrouping           0x08000e44   Section        0  stm32f1xx_hal_cortex.o(i.HAL_NVIC_SetPriorityGrouping)
    i.HAL_PCDEx_PMAConfig                    0x08000e68   Section        0  stm32f1xx_hal_pcd_ex.o(i.HAL_PCDEx_PMAConfig)
    i.HAL_PCDEx_SetConnectionState           0x08000e9c   Section        0  usbd_conf.o(i.HAL_PCDEx_SetConnectionState)
    i.HAL_PCD_DataInStageCallback            0x08000e9e   Section        0  usbd_conf.o(i.HAL_PCD_DataInStageCallback)
    i.HAL_PCD_DataOutStageCallback           0x08000eac   Section        0  usbd_conf.o(i.HAL_PCD_DataOutStageCallback)
    i.HAL_PCD_EP_Close                       0x08000ebc   Section        0  stm32f1xx_hal_pcd.o(i.HAL_PCD_EP_Close)
    i.HAL_PCD_EP_ClrStall                    0x08000efc   Section        0  stm32f1xx_hal_pcd.o(i.HAL_PCD_EP_ClrStall)
    i.HAL_PCD_EP_GetRxCount                  0x08000f44   Section        0  stm32f1xx_hal_pcd.o(i.HAL_PCD_EP_GetRxCount)
    i.HAL_PCD_EP_Open                        0x08000f54   Section        0  stm32f1xx_hal_pcd.o(i.HAL_PCD_EP_Open)
    i.HAL_PCD_EP_Receive                     0x08000f98   Section        0  stm32f1xx_hal_pcd.o(i.HAL_PCD_EP_Receive)
    i.HAL_PCD_EP_SetStall                    0x08000fd8   Section        0  stm32f1xx_hal_pcd.o(i.HAL_PCD_EP_SetStall)
    i.HAL_PCD_EP_Transmit                    0x0800102e   Section        0  stm32f1xx_hal_pcd.o(i.HAL_PCD_EP_Transmit)
    i.HAL_PCD_IRQHandler                     0x0800106c   Section        0  stm32f1xx_hal_pcd.o(i.HAL_PCD_IRQHandler)
    i.HAL_PCD_Init                           0x08001178   Section        0  stm32f1xx_hal_pcd.o(i.HAL_PCD_Init)
    i.HAL_PCD_MspInit                        0x08001238   Section        0  usbd_conf.o(i.HAL_PCD_MspInit)
    i.HAL_PCD_ResetCallback                  0x08001274   Section        0  usbd_conf.o(i.HAL_PCD_ResetCallback)
    i.HAL_PCD_ResumeCallback                 0x0800128e   Section        0  usbd_conf.o(i.HAL_PCD_ResumeCallback)
    i.HAL_PCD_SOFCallback                    0x08001296   Section        0  usbd_conf.o(i.HAL_PCD_SOFCallback)
    i.HAL_PCD_SetAddress                     0x0800129e   Section        0  stm32f1xx_hal_pcd.o(i.HAL_PCD_SetAddress)
    i.HAL_PCD_SetupStageCallback             0x080012c6   Section        0  usbd_conf.o(i.HAL_PCD_SetupStageCallback)
    i.HAL_PCD_Start                          0x080012d4   Section        0  stm32f1xx_hal_pcd.o(i.HAL_PCD_Start)
    i.HAL_PCD_SuspendCallback                0x08001308   Section        0  usbd_conf.o(i.HAL_PCD_SuspendCallback)
    i.HAL_RCCEx_PeriphCLKConfig              0x0800132c   Section        0  stm32f1xx_hal_rcc_ex.o(i.HAL_RCCEx_PeriphCLKConfig)
    i.HAL_RCC_ClockConfig                    0x08001458   Section        0  stm32f1xx_hal_rcc.o(i.HAL_RCC_ClockConfig)
    i.HAL_RCC_GetHCLKFreq                    0x080015e0   Section        0  stm32f1xx_hal_rcc.o(i.HAL_RCC_GetHCLKFreq)
    i.HAL_RCC_GetPCLK1Freq                   0x080015ec   Section        0  stm32f1xx_hal_rcc.o(i.HAL_RCC_GetPCLK1Freq)
    i.HAL_RCC_GetPCLK2Freq                   0x0800161c   Section        0  stm32f1xx_hal_rcc.o(i.HAL_RCC_GetPCLK2Freq)
    i.HAL_RCC_GetSysClockFreq                0x0800164c   Section        0  stm32f1xx_hal_rcc.o(i.HAL_RCC_GetSysClockFreq)
    i.HAL_RCC_OscConfig                      0x080016d4   Section        0  stm32f1xx_hal_rcc.o(i.HAL_RCC_OscConfig)
    i.HAL_SPI_Init                           0x08001c54   Section        0  stm32f1xx_hal_spi_ex.o(i.HAL_SPI_Init)
    i.HAL_SPI_MspInit                        0x08001cdc   Section        0  stm32f1xx_hal_msp.o(i.HAL_SPI_MspInit)
    i.HAL_SPI_TransmitReceive                0x08001d34   Section        0  stm32f1xx_hal_spi.o(i.HAL_SPI_TransmitReceive)
    i.HAL_SYSTICK_CLKSourceConfig            0x08001fe6   Section        0  stm32f1xx_hal_cortex.o(i.HAL_SYSTICK_CLKSourceConfig)
    i.HAL_SYSTICK_Callback                   0x08001ffe   Section        0  stm32f1xx_hal_cortex.o(i.HAL_SYSTICK_Callback)
    i.HAL_SYSTICK_Config                     0x08002000   Section        0  stm32f1xx_hal_cortex.o(i.HAL_SYSTICK_Config)
    i.HAL_SYSTICK_IRQHandler                 0x08002028   Section        0  stm32f1xx_hal_cortex.o(i.HAL_SYSTICK_IRQHandler)
    i.HAL_TIMEx_BreakCallback                0x08002030   Section        0  stm32f1xx_hal_tim_ex.o(i.HAL_TIMEx_BreakCallback)
    i.HAL_TIMEx_CommutationCallback          0x08002032   Section        0  stm32f1xx_hal_tim_ex.o(i.HAL_TIMEx_CommutationCallback)
    i.HAL_TIMEx_MasterConfigSynchronization  0x08002034   Section        0  stm32f1xx_hal_tim_ex.o(i.HAL_TIMEx_MasterConfigSynchronization)
    i.HAL_TIM_Base_Init                      0x08002084   Section        0  stm32f1xx_hal_tim.o(i.HAL_TIM_Base_Init)
    i.HAL_TIM_Base_MspInit                   0x080020bc   Section        0  stm32f1xx_hal_msp.o(i.HAL_TIM_Base_MspInit)
    i.HAL_TIM_Base_Start_IT                  0x080020f8   Section        0  stm32f1xx_hal_tim.o(i.HAL_TIM_Base_Start_IT)
    i.HAL_TIM_ConfigClockSource              0x08002110   Section        0  stm32f1xx_hal_tim.o(i.HAL_TIM_ConfigClockSource)
    i.HAL_TIM_IC_CaptureCallback             0x08002202   Section        0  stm32f1xx_hal_tim.o(i.HAL_TIM_IC_CaptureCallback)
    i.HAL_TIM_IRQHandler                     0x08002204   Section        0  stm32f1xx_hal_tim.o(i.HAL_TIM_IRQHandler)
    i.HAL_TIM_OC_DelayElapsedCallback        0x0800236a   Section        0  stm32f1xx_hal_tim.o(i.HAL_TIM_OC_DelayElapsedCallback)
    i.HAL_TIM_PWM_PulseFinishedCallback      0x0800236c   Section        0  stm32f1xx_hal_tim.o(i.HAL_TIM_PWM_PulseFinishedCallback)
    i.HAL_TIM_PeriodElapsedCallback          0x0800236e   Section        0  stm32f1xx_hal_tim.o(i.HAL_TIM_PeriodElapsedCallback)
    i.HAL_TIM_TriggerCallback                0x08002370   Section        0  stm32f1xx_hal_tim.o(i.HAL_TIM_TriggerCallback)
    i.HAL_UART_Init                          0x08002372   Section        0  stm32f1xx_hal_uart.o(i.HAL_UART_Init)
    i.HAL_UART_MspInit                       0x080023d0   Section        0  stm32f1xx_hal_msp.o(i.HAL_UART_MspInit)
    i.HardFault_Handler                      0x08002428   Section        0  stm32f1xx_it.o(i.HardFault_Handler)
    i.MPU6500_Write_Reg                      0x0800242c   Section        0  mpu6500.o(i.MPU6500_Write_Reg)
    i.MX_ADC1_Init                           0x08002464   Section        0  main.o(i.MX_ADC1_Init)
    MX_ADC1_Init                             0x08002465   Thumb Code    62  main.o(i.MX_ADC1_Init)
    i.MX_GPIO_Init                           0x080024ac   Section        0  main.o(i.MX_GPIO_Init)
    MX_GPIO_Init                             0x080024ad   Thumb Code   110  main.o(i.MX_GPIO_Init)
    i.MX_SPI1_Init                           0x08002528   Section        0  main.o(i.MX_SPI1_Init)
    MX_SPI1_Init                             0x08002529   Thumb Code    56  main.o(i.MX_SPI1_Init)
    i.MX_TIM1_Init                           0x08002568   Section        0  main.o(i.MX_TIM1_Init)
    MX_TIM1_Init                             0x08002569   Thumb Code    76  main.o(i.MX_TIM1_Init)
    i.MX_USB_DEVICE_Init                     0x080025bc   Section        0  usb_device.o(i.MX_USB_DEVICE_Init)
    i.MemManage_Handler                      0x080025f4   Section        0  stm32f1xx_it.o(i.MemManage_Handler)
    i.NMI_Handler                            0x080025f6   Section        0  stm32f1xx_it.o(i.NMI_Handler)
    i.NVIC_SetPriority                       0x080025f8   Section        0  stm32f1xx_hal_cortex.o(i.NVIC_SetPriority)
    NVIC_SetPriority                         0x080025f9   Thumb Code    32  stm32f1xx_hal_cortex.o(i.NVIC_SetPriority)
    i.PCD_EP_ISR_Handler                     0x08002618   Section        0  stm32f1xx_hal_pcd.o(i.PCD_EP_ISR_Handler)
    PCD_EP_ISR_Handler                       0x08002619   Thumb Code   866  stm32f1xx_hal_pcd.o(i.PCD_EP_ISR_Handler)
    i.PendSV_Handler                         0x0800297a   Section        0  stm32f1xx_it.o(i.PendSV_Handler)
    i.SPI_WaitOnFlagUntilTimeout             0x0800297c   Section        0  stm32f1xx_hal_spi.o(i.SPI_WaitOnFlagUntilTimeout)
    SPI_WaitOnFlagUntilTimeout               0x0800297d   Thumb Code   158  stm32f1xx_hal_spi.o(i.SPI_WaitOnFlagUntilTimeout)
    i.SVC_Handler                            0x08002a1a   Section        0  stm32f1xx_it.o(i.SVC_Handler)
    i.SysTick_Handler                        0x08002a1c   Section        0  stm32f1xx_it.o(i.SysTick_Handler)
    i.SystemClock_Config                     0x08002a2a   Section        0  main.o(i.SystemClock_Config)
    i.SystemInit                             0x08002aa8   Section        0  system_stm32f1xx.o(i.SystemInit)
    i.TIM1_UP_IRQHandler                     0x08002af0   Section        0  stm32f1xx_it.o(i.TIM1_UP_IRQHandler)
    i.TIM_Base_SetConfig                     0x08002b04   Section        0  stm32f1xx_hal_tim.o(i.TIM_Base_SetConfig)
    i.TIM_ETR_SetConfig                      0x08002b68   Section        0  stm32f1xx_hal_tim.o(i.TIM_ETR_SetConfig)
    TIM_ETR_SetConfig                        0x08002b69   Thumb Code    20  stm32f1xx_hal_tim.o(i.TIM_ETR_SetConfig)
    i.TIM_ITRx_SetConfig                     0x08002b7c   Section        0  stm32f1xx_hal_tim.o(i.TIM_ITRx_SetConfig)
    TIM_ITRx_SetConfig                       0x08002b7d   Thumb Code    16  stm32f1xx_hal_tim.o(i.TIM_ITRx_SetConfig)
    i.TIM_TI1_ConfigInputStage               0x08002b8c   Section        0  stm32f1xx_hal_tim.o(i.TIM_TI1_ConfigInputStage)
    TIM_TI1_ConfigInputStage                 0x08002b8d   Thumb Code    34  stm32f1xx_hal_tim.o(i.TIM_TI1_ConfigInputStage)
    i.TIM_TI2_ConfigInputStage               0x08002bae   Section        0  stm32f1xx_hal_tim.o(i.TIM_TI2_ConfigInputStage)
    TIM_TI2_ConfigInputStage                 0x08002baf   Thumb Code    36  stm32f1xx_hal_tim.o(i.TIM_TI2_ConfigInputStage)
    i.UART_SetConfig                         0x08002bd4   Section        0  stm32f1xx_hal_uart.o(i.UART_SetConfig)
    UART_SetConfig                           0x08002bd5   Thumb Code   364  stm32f1xx_hal_uart.o(i.UART_SetConfig)
    i.USBD_CDC_DataIn                        0x08002d44   Section        0  usbd_cdc.o(i.USBD_CDC_DataIn)
    USBD_CDC_DataIn                          0x08002d45   Thumb Code    20  usbd_cdc.o(i.USBD_CDC_DataIn)
    i.USBD_CDC_DataOut                       0x08002d58   Section        0  usbd_cdc.o(i.USBD_CDC_DataOut)
    USBD_CDC_DataOut                         0x08002d59   Thumb Code    46  usbd_cdc.o(i.USBD_CDC_DataOut)
    i.USBD_CDC_DeInit                        0x08002d86   Section        0  usbd_cdc.o(i.USBD_CDC_DeInit)
    USBD_CDC_DeInit                          0x08002d87   Thumb Code    60  usbd_cdc.o(i.USBD_CDC_DeInit)
    i.USBD_CDC_EP0_RxReady                   0x08002dc2   Section        0  usbd_cdc.o(i.USBD_CDC_EP0_RxReady)
    USBD_CDC_EP0_RxReady                     0x08002dc3   Thumb Code    36  usbd_cdc.o(i.USBD_CDC_EP0_RxReady)
    i.USBD_CDC_GetDeviceQualifierDescriptor  0x08002de8   Section        0  usbd_cdc.o(i.USBD_CDC_GetDeviceQualifierDescriptor)
    i.USBD_CDC_GetFSCfgDesc                  0x08002df4   Section        0  usbd_cdc.o(i.USBD_CDC_GetFSCfgDesc)
    USBD_CDC_GetFSCfgDesc                    0x08002df5   Thumb Code     8  usbd_cdc.o(i.USBD_CDC_GetFSCfgDesc)
    i.USBD_CDC_GetHSCfgDesc                  0x08002e00   Section        0  usbd_cdc.o(i.USBD_CDC_GetHSCfgDesc)
    USBD_CDC_GetHSCfgDesc                    0x08002e01   Thumb Code     8  usbd_cdc.o(i.USBD_CDC_GetHSCfgDesc)
    i.USBD_CDC_GetOtherSpeedCfgDesc          0x08002e0c   Section        0  usbd_cdc.o(i.USBD_CDC_GetOtherSpeedCfgDesc)
    USBD_CDC_GetOtherSpeedCfgDesc            0x08002e0d   Thumb Code     8  usbd_cdc.o(i.USBD_CDC_GetOtherSpeedCfgDesc)
    i.USBD_CDC_Init                          0x08002e18   Section        0  usbd_cdc.o(i.USBD_CDC_Init)
    USBD_CDC_Init                            0x08002e19   Thumb Code   136  usbd_cdc.o(i.USBD_CDC_Init)
    i.USBD_CDC_ReceivePacket                 0x08002ea0   Section        0  usbd_cdc.o(i.USBD_CDC_ReceivePacket)
    i.USBD_CDC_RegisterInterface             0x08002ec8   Section        0  usbd_cdc.o(i.USBD_CDC_RegisterInterface)
    i.USBD_CDC_SetRxBuffer                   0x08002ed8   Section        0  usbd_cdc.o(i.USBD_CDC_SetRxBuffer)
    i.USBD_CDC_SetTxBuffer                   0x08002ee4   Section        0  usbd_cdc.o(i.USBD_CDC_SetTxBuffer)
    i.USBD_CDC_Setup                         0x08002ef4   Section        0  usbd_cdc.o(i.USBD_CDC_Setup)
    USBD_CDC_Setup                           0x08002ef5   Thumb Code   106  usbd_cdc.o(i.USBD_CDC_Setup)
    i.USBD_CDC_TransmitPacket                0x08002f64   Section        0  usbd_cdc.o(i.USBD_CDC_TransmitPacket)
    i.USBD_ClrClassConfig                    0x08002f94   Section        0  usbd_core.o(i.USBD_ClrClassConfig)
    i.USBD_CtlContinueRx                     0x08002fa2   Section        0  usbd_ioreq.o(i.USBD_CtlContinueRx)
    i.USBD_CtlContinueSendData               0x08002fb2   Section        0  usbd_ioreq.o(i.USBD_CtlContinueSendData)
    i.USBD_CtlError                          0x08002fc2   Section        0  usbd_ctlreq.o(i.USBD_CtlError)
    i.USBD_CtlPrepareRx                      0x08002fd8   Section        0  usbd_ioreq.o(i.USBD_CtlPrepareRx)
    i.USBD_CtlReceiveStatus                  0x08002ff6   Section        0  usbd_ioreq.o(i.USBD_CtlReceiveStatus)
    i.USBD_CtlSendData                       0x0800300c   Section        0  usbd_ioreq.o(i.USBD_CtlSendData)
    i.USBD_CtlSendStatus                     0x08003026   Section        0  usbd_ioreq.o(i.USBD_CtlSendStatus)
    i.USBD_FS_ConfigStrDescriptor            0x0800303c   Section        0  usbd_desc.o(i.USBD_FS_ConfigStrDescriptor)
    i.USBD_FS_DeviceDescriptor               0x0800305c   Section        0  usbd_desc.o(i.USBD_FS_DeviceDescriptor)
    i.USBD_FS_InterfaceStrDescriptor         0x08003068   Section        0  usbd_desc.o(i.USBD_FS_InterfaceStrDescriptor)
    i.USBD_FS_LangIDStrDescriptor            0x0800308c   Section        0  usbd_desc.o(i.USBD_FS_LangIDStrDescriptor)
    i.USBD_FS_ManufacturerStrDescriptor      0x08003098   Section        0  usbd_desc.o(i.USBD_FS_ManufacturerStrDescriptor)
    i.USBD_FS_ProductStrDescriptor           0x080030c0   Section        0  usbd_desc.o(i.USBD_FS_ProductStrDescriptor)
    i.USBD_FS_SerialStrDescriptor            0x080030ec   Section        0  usbd_desc.o(i.USBD_FS_SerialStrDescriptor)
    i.USBD_GetDescriptor                     0x08003110   Section        0  usbd_ctlreq.o(i.USBD_GetDescriptor)
    USBD_GetDescriptor                       0x08003111   Thumb Code   224  usbd_ctlreq.o(i.USBD_GetDescriptor)
    i.USBD_GetString                         0x080031f0   Section        0  usbd_ctlreq.o(i.USBD_GetString)
    i.USBD_Init                              0x08003236   Section        0  usbd_core.o(i.USBD_Init)
    i.USBD_LL_ClearStallEP                   0x08003260   Section        0  usbd_conf.o(i.USBD_LL_ClearStallEP)
    i.USBD_LL_CloseEP                        0x08003280   Section        0  usbd_conf.o(i.USBD_LL_CloseEP)
    i.USBD_LL_DataInStage                    0x080032a0   Section        0  usbd_core.o(i.USBD_LL_DataInStage)
    i.USBD_LL_DataOutStage                   0x0800334a   Section        0  usbd_core.o(i.USBD_LL_DataOutStage)
    i.USBD_LL_GetRxDataSize                  0x080033b4   Section        0  usbd_conf.o(i.USBD_LL_GetRxDataSize)
    i.USBD_LL_Init                           0x080033bc   Section        0  usbd_conf.o(i.USBD_LL_Init)
    i.USBD_LL_IsStallEP                      0x08003458   Section        0  usbd_conf.o(i.USBD_LL_IsStallEP)
    i.USBD_LL_OpenEP                         0x08003474   Section        0  usbd_conf.o(i.USBD_LL_OpenEP)
    i.USBD_LL_PrepareReceive                 0x0800349a   Section        0  usbd_conf.o(i.USBD_LL_PrepareReceive)
    i.USBD_LL_Reset                          0x080034ba   Section        0  usbd_core.o(i.USBD_LL_Reset)
    i.USBD_LL_Resume                         0x080034f8   Section        0  usbd_core.o(i.USBD_LL_Resume)
    i.USBD_LL_SOF                            0x08003504   Section        0  usbd_core.o(i.USBD_LL_SOF)
    i.USBD_LL_SetSpeed                       0x0800351c   Section        0  usbd_core.o(i.USBD_LL_SetSpeed)
    i.USBD_LL_SetUSBAddress                  0x08003522   Section        0  usbd_conf.o(i.USBD_LL_SetUSBAddress)
    i.USBD_LL_SetupStage                     0x08003542   Section        0  usbd_core.o(i.USBD_LL_SetupStage)
    i.USBD_LL_StallEP                        0x0800359c   Section        0  usbd_conf.o(i.USBD_LL_StallEP)
    i.USBD_LL_Start                          0x080035bc   Section        0  usbd_conf.o(i.USBD_LL_Start)
    i.USBD_LL_Suspend                        0x080035dc   Section        0  usbd_core.o(i.USBD_LL_Suspend)
    i.USBD_LL_Transmit                       0x080035ee   Section        0  usbd_conf.o(i.USBD_LL_Transmit)
    i.USBD_ParseSetupRequest                 0x0800360e   Section        0  usbd_ctlreq.o(i.USBD_ParseSetupRequest)
    i.USBD_RegisterClass                     0x08003636   Section        0  usbd_core.o(i.USBD_RegisterClass)
    i.USBD_SetClassConfig                    0x08003646   Section        0  usbd_core.o(i.USBD_SetClassConfig)
    i.USBD_SetConfig                         0x0800365c   Section        0  usbd_ctlreq.o(i.USBD_SetConfig)
    USBD_SetConfig                           0x0800365d   Thumb Code   110  usbd_ctlreq.o(i.USBD_SetConfig)
    i.USBD_Start                             0x080036d0   Section        0  usbd_core.o(i.USBD_Start)
    i.USBD_StdDevReq                         0x080036da   Section        0  usbd_ctlreq.o(i.USBD_StdDevReq)
    i.USBD_StdEPReq                          0x080037cc   Section        0  usbd_ctlreq.o(i.USBD_StdEPReq)
    i.USBD_StdItfReq                         0x080038a8   Section        0  usbd_ctlreq.o(i.USBD_StdItfReq)
    i.USBD_static_free                       0x080038dc   Section        0  usbd_conf.o(i.USBD_static_free)
    i.USBD_static_malloc                     0x080038e0   Section        0  usbd_conf.o(i.USBD_static_malloc)
    i.USB_ActivateEndpoint                   0x080038e8   Section        0  stm32f1xx_ll_usb.o(i.USB_ActivateEndpoint)
    i.USB_CoreInit                           0x08003b44   Section        0  stm32f1xx_ll_usb.o(i.USB_CoreInit)
    i.USB_DeactivateEndpoint                 0x08003b48   Section        0  stm32f1xx_ll_usb.o(i.USB_DeactivateEndpoint)
    i.USB_DevConnect                         0x08003c6c   Section        0  stm32f1xx_ll_usb.o(i.USB_DevConnect)
    i.USB_DevDisconnect                      0x08003c70   Section        0  stm32f1xx_ll_usb.o(i.USB_DevDisconnect)
    i.USB_DevInit                            0x08003c74   Section        0  stm32f1xx_ll_usb.o(i.USB_DevInit)
    i.USB_DisableGlobalInt                   0x08003c86   Section        0  stm32f1xx_ll_usb.o(i.USB_DisableGlobalInt)
    i.USB_EP0_OutStart                       0x08003c94   Section        0  stm32f1xx_ll_usb.o(i.USB_EP0_OutStart)
    i.USB_EPClearStall                       0x08003c98   Section        0  stm32f1xx_ll_usb.o(i.USB_EPClearStall)
    i.USB_EPSetStall                         0x08003d02   Section        0  stm32f1xx_ll_usb.o(i.USB_EPSetStall)
    i.USB_EPStartXfer                        0x08003d4c   Section        0  stm32f1xx_ll_usb.o(i.USB_EPStartXfer)
    i.USB_EnableGlobalInt                    0x08003ef6   Section        0  stm32f1xx_ll_usb.o(i.USB_EnableGlobalInt)
    i.USB_LP_CAN1_RX0_IRQHandler             0x08003f04   Section        0  stm32f1xx_it.o(i.USB_LP_CAN1_RX0_IRQHandler)
    i.USB_ReadInterrupts                     0x08003f10   Section        0  stm32f1xx_ll_usb.o(i.USB_ReadInterrupts)
    i.USB_ReadPMA                            0x08003f18   Section        0  stm32f1xx_ll_usb.o(i.USB_ReadPMA)
    i.USB_SetCurrentMode                     0x08003f36   Section        0  stm32f1xx_ll_usb.o(i.USB_SetCurrentMode)
    i.USB_SetDevAddress                      0x08003f3a   Section        0  stm32f1xx_ll_usb.o(i.USB_SetDevAddress)
    i.USB_WritePMA                           0x08003f46   Section        0  stm32f1xx_ll_usb.o(i.USB_WritePMA)
    i.UsageFault_Handler                     0x08003f6c   Section        0  stm32f1xx_it.o(i.UsageFault_Handler)
    i._Error_Handler                         0x08003f6e   Section        0  main.o(i._Error_Handler)
    i.__scatterload_copy                     0x08003f70   Section       14  handlers.o(i.__scatterload_copy)
    i.__scatterload_null                     0x08003f7e   Section        2  handlers.o(i.__scatterload_null)
    i.__scatterload_zeroinit                 0x08003f80   Section       14  handlers.o(i.__scatterload_zeroinit)
    i.adc_start                              0x08003f90   Section        0  mpu6500.o(i.adc_start)
    i.main                                   0x08003fa4   Section        0  main.o(i.main)
    i.mpu6500_ReadtoUSB                      0x08004024   Section        0  mpu6500.o(i.mpu6500_ReadtoUSB)
    i.mpu6500_init                           0x08004090   Section        0  mpu6500.o(i.mpu6500_init)
    .constdata                               0x080040fe   Section       16  system_stm32f1xx.o(.constdata)
    .constdata                               0x0800410e   Section        8  system_stm32f1xx.o(.constdata)
    .data                                    0x20000000   Section       16  usbd_cdc_if.o(.data)
    .data                                    0x20000010   Section        8  usbd_cdc_if.o(.data)
    .data                                    0x20000018   Section       28  usbd_desc.o(.data)
    .data                                    0x20000034   Section       22  usbd_desc.o(.data)
    .data                                    0x2000004c   Section       14  mpu6500.o(.data)
    .data                                    0x2000005a   Section        1  stm32f1xx_hal_spi_ex.o(.data)
    .data                                    0x2000005c   Section        4  stm32f1xx_hal.o(.data)
    uwTick                                   0x2000005c   Data           4  stm32f1xx_hal.o(.data)
    .data                                    0x20000060   Section        4  system_stm32f1xx.o(.data)
    .data                                    0x20000064   Section        1  usbd_ctlreq.o(.data)
    cfgidx                                   0x20000064   Data           1  usbd_ctlreq.o(.data)
    .data                                    0x20000068   Section      219  usbd_cdc.o(.data)
    ifalt                                    0x20000068   Data           1  usbd_cdc.o(.data)
    USBD_CDC_DeviceQualifierDesc             0x2000006c   Data          10  usbd_cdc.o(.data)
    .data                                    0x20000144   Section       56  usbd_cdc.o(.data)
    .bss                                     0x2000017c   Section      260  main.o(.bss)
    .bss                                     0x20000280   Section       56  main.o(.bss)
    .bss                                     0x200002b8   Section      548  usb_device.o(.bss)
    .bss                                     0x200004dc   Section     1600  usbd_conf.o(.bss)
    mem                                      0x200004dc   Data         544  usbd_conf.o(.bss)
    .bss                                     0x20000b1c   Section      512  usbd_desc.o(.bss)
    .bss                                     0x20000d1c   Section       34  mpu6500.o(.bss)
    STACK                                    0x20000d40   Section     1024  startup_stm32f103xb.o(STACK)

    Global Symbols

    Symbol Name                              Value     Ov Type        Size  Object(Section)

    BuildAttributes$$THM_ISAv4$P$D$K$B$S$PE$A:L22UL41UL21$X:L11$S22US41US21$IEEE1$IW$USESV6$~STKCKD$USESV7$~SHL$OSPACE$EBA8$MICROLIB$REQ8$PRES8$EABIv2 0x00000000   Number         0  anon$$obj.o ABSOLUTE
    __ARM_use_no_argv                        0x00000000   Number         0  main.o ABSOLUTE
    __cpp_initialize__aeabi_                  - Undefined Weak Reference
    __cxa_finalize                            - Undefined Weak Reference
    _clock_init                               - Undefined Weak Reference
    _microlib_exit                            - Undefined Weak Reference
    __Vectors_Size                           0x000000ec   Number         0  startup_stm32f103xb.o ABSOLUTE
    __Vectors                                0x08000000   Data           4  startup_stm32f103xb.o(RESET)
    __Vectors_End                            0x080000ec   Data           0  startup_stm32f103xb.o(RESET)
    __main                                   0x080000ed   Thumb Code     0  entry.o(.ARM.Collect$$$$00000000)
    _main_stk                                0x080000ed   Thumb Code     0  entry2.o(.ARM.Collect$$$$00000001)
    _main_scatterload                        0x080000f1   Thumb Code     0  entry5.o(.ARM.Collect$$$$00000004)
    __main_after_scatterload                 0x080000f5   Thumb Code     0  entry5.o(.ARM.Collect$$$$00000004)
    _main_clock                              0x080000f5   Thumb Code     0  entry7b.o(.ARM.Collect$$$$00000008)
    _main_cpp_init                           0x080000f5   Thumb Code     0  entry8b.o(.ARM.Collect$$$$0000000A)
    _main_init                               0x080000f5   Thumb Code     0  entry9a.o(.ARM.Collect$$$$0000000B)
    __rt_final_cpp                           0x080000fd   Thumb Code     0  entry10a.o(.ARM.Collect$$$$0000000D)
    __rt_final_exit                          0x080000fd   Thumb Code     0  entry11a.o(.ARM.Collect$$$$0000000F)
    Reset_Handler                            0x08000101   Thumb Code     8  startup_stm32f103xb.o(.text)
    ADC1_2_IRQHandler                        0x0800011b   Thumb Code     0  startup_stm32f103xb.o(.text)
    CAN1_RX1_IRQHandler                      0x0800011b   Thumb Code     0  startup_stm32f103xb.o(.text)
    CAN1_SCE_IRQHandler                      0x0800011b   Thumb Code     0  startup_stm32f103xb.o(.text)
    DMA1_Channel2_IRQHandler                 0x0800011b   Thumb Code     0  startup_stm32f103xb.o(.text)
    DMA1_Channel3_IRQHandler                 0x0800011b   Thumb Code     0  startup_stm32f103xb.o(.text)
    DMA1_Channel4_IRQHandler                 0x0800011b   Thumb Code     0  startup_stm32f103xb.o(.text)
    DMA1_Channel5_IRQHandler                 0x0800011b   Thumb Code     0  startup_stm32f103xb.o(.text)
    DMA1_Channel6_IRQHandler                 0x0800011b   Thumb Code     0  startup_stm32f103xb.o(.text)
    DMA1_Channel7_IRQHandler                 0x0800011b   Thumb Code     0  startup_stm32f103xb.o(.text)
    EXTI0_IRQHandler                         0x0800011b   Thumb Code     0  startup_stm32f103xb.o(.text)
    EXTI15_10_IRQHandler                     0x0800011b   Thumb Code     0  startup_stm32f103xb.o(.text)
    EXTI2_IRQHandler                         0x0800011b   Thumb Code     0  startup_stm32f103xb.o(.text)
    EXTI3_IRQHandler                         0x0800011b   Thumb Code     0  startup_stm32f103xb.o(.text)
    EXTI4_IRQHandler                         0x0800011b   Thumb Code     0  startup_stm32f103xb.o(.text)
    EXTI9_5_IRQHandler                       0x0800011b   Thumb Code     0  startup_stm32f103xb.o(.text)
    FLASH_IRQHandler                         0x0800011b   Thumb Code     0  startup_stm32f103xb.o(.text)
    I2C1_ER_IRQHandler                       0x0800011b   Thumb Code     0  startup_stm32f103xb.o(.text)
    I2C1_EV_IRQHandler                       0x0800011b   Thumb Code     0  startup_stm32f103xb.o(.text)
    I2C2_ER_IRQHandler                       0x0800011b   Thumb Code     0  startup_stm32f103xb.o(.text)
    I2C2_EV_IRQHandler                       0x0800011b   Thumb Code     0  startup_stm32f103xb.o(.text)
    PVD_IRQHandler                           0x0800011b   Thumb Code     0  startup_stm32f103xb.o(.text)
    RCC_IRQHandler                           0x0800011b   Thumb Code     0  startup_stm32f103xb.o(.text)
    RTC_Alarm_IRQHandler                     0x0800011b   Thumb Code     0  startup_stm32f103xb.o(.text)
    RTC_IRQHandler                           0x0800011b   Thumb Code     0  startup_stm32f103xb.o(.text)
    SPI1_IRQHandler                          0x0800011b   Thumb Code     0  startup_stm32f103xb.o(.text)
    SPI2_IRQHandler                          0x0800011b   Thumb Code     0  startup_stm32f103xb.o(.text)
    TAMPER_IRQHandler                        0x0800011b   Thumb Code     0  startup_stm32f103xb.o(.text)
    TIM1_BRK_IRQHandler                      0x0800011b   Thumb Code     0  startup_stm32f103xb.o(.text)
    TIM1_CC_IRQHandler                       0x0800011b   Thumb Code     0  startup_stm32f103xb.o(.text)
    TIM1_TRG_COM_IRQHandler                  0x0800011b   Thumb Code     0  startup_stm32f103xb.o(.text)
    TIM2_IRQHandler                          0x0800011b   Thumb Code     0  startup_stm32f103xb.o(.text)
    TIM3_IRQHandler                          0x0800011b   Thumb Code     0  startup_stm32f103xb.o(.text)
    TIM4_IRQHandler                          0x0800011b   Thumb Code     0  startup_stm32f103xb.o(.text)
    USART1_IRQHandler                        0x0800011b   Thumb Code     0  startup_stm32f103xb.o(.text)
    USART2_IRQHandler                        0x0800011b   Thumb Code     0  startup_stm32f103xb.o(.text)
    USART3_IRQHandler                        0x0800011b   Thumb Code     0  startup_stm32f103xb.o(.text)
    USBWakeUp_IRQHandler                     0x0800011b   Thumb Code     0  startup_stm32f103xb.o(.text)
    USB_HP_CAN1_TX_IRQHandler                0x0800011b   Thumb Code     0  startup_stm32f103xb.o(.text)
    WWDG_IRQHandler                          0x0800011b   Thumb Code     0  startup_stm32f103xb.o(.text)
    __aeabi_memcpy                           0x08000125   Thumb Code    36  memcpya.o(.text)
    __aeabi_memcpy4                          0x08000125   Thumb Code     0  memcpya.o(.text)
    __aeabi_memcpy8                          0x08000125   Thumb Code     0  memcpya.o(.text)
    __scatterload                            0x08000149   Thumb Code    28  init.o(.text)
    __scatterload_rt2                        0x08000149   Thumb Code     0  init.o(.text)
    __decompress                             0x0800016d   Thumb Code     0  __dczerorl2.o(.text)
    __decompress1                            0x0800016d   Thumb Code    86  __dczerorl2.o(.text)
    ADC_ConversionStop_Disable               0x080001c5   Thumb Code    76  stm32f1xx_hal_adc.o(i.ADC_ConversionStop_Disable)
    ADC_DMAConvCplt                          0x08000211   Thumb Code    78  stm32f1xx_hal_adc.o(i.ADC_DMAConvCplt)
    ADC_DMAError                             0x0800025f   Thumb Code    26  stm32f1xx_hal_adc.o(i.ADC_DMAError)
    ADC_DMAHalfConvCplt                      0x08000279   Thumb Code    10  stm32f1xx_hal_adc.o(i.ADC_DMAHalfConvCplt)
    ADC_Enable                               0x08000285   Thumb Code   104  stm32f1xx_hal_adc.o(i.ADC_Enable)
    BusFault_Handler                         0x080002f5   Thumb Code     2  stm32f1xx_it.o(i.BusFault_Handler)
    CDC_Transmit_FS                          0x08000355   Thumb Code    38  usbd_cdc_if.o(i.CDC_Transmit_FS)
    DMA1_Channel1_IRQHandler                 0x08000381   Thumb Code     6  stm32f1xx_it.o(i.DMA1_Channel1_IRQHandler)
    DebugMon_Handler                         0x080003ab   Thumb Code     2  stm32f1xx_it.o(i.DebugMon_Handler)
    EXTI1_IRQHandler                         0x080003ad   Thumb Code     6  stm32f1xx_it.o(i.EXTI1_IRQHandler)
    HAL_ADC_ConfigChannel                    0x080003b5   Thumb Code   346  stm32f1xx_hal_adc.o(i.HAL_ADC_ConfigChannel)
    HAL_ADC_ConvCpltCallback                 0x0800051d   Thumb Code     2  stm32f1xx_hal_adc.o(i.HAL_ADC_ConvCpltCallback)
    HAL_ADC_ConvHalfCpltCallback             0x0800051f   Thumb Code     2  stm32f1xx_hal_adc.o(i.HAL_ADC_ConvHalfCpltCallback)
    HAL_ADC_ErrorCallback                    0x08000521   Thumb Code     2  stm32f1xx_hal_adc.o(i.HAL_ADC_ErrorCallback)
    HAL_ADC_Init                             0x08000525   Thumb Code   300  stm32f1xx_hal_adc.o(i.HAL_ADC_Init)
    HAL_ADC_MspInit                          0x08000659   Thumb Code   102  stm32f1xx_hal_msp.o(i.HAL_ADC_MspInit)
    HAL_ADC_Start_DMA                        0x080006f1   Thumb Code   246  stm32f1xx_hal_adc.o(i.HAL_ADC_Start_DMA)
    HAL_DMA_IRQHandler                       0x080007fd   Thumb Code   616  stm32f1xx_hal_dma.o(i.HAL_DMA_IRQHandler)
    HAL_DMA_Init                             0x08000a69   Thumb Code    80  stm32f1xx_hal_dma.o(i.HAL_DMA_Init)
    HAL_DMA_Start_IT                         0x08000ab9   Thumb Code    88  stm32f1xx_hal_dma.o(i.HAL_DMA_Start_IT)
    HAL_Delay                                0x08000b11   Thumb Code    22  stm32f1xx_hal.o(i.HAL_Delay)
    HAL_GPIO_EXTI_Callback                   0x08000b27   Thumb Code     2  stm32f1xx_hal_gpio.o(i.HAL_GPIO_EXTI_Callback)
    HAL_GPIO_EXTI_IRQHandler                 0x08000b29   Thumb Code    18  stm32f1xx_hal_gpio.o(i.HAL_GPIO_EXTI_IRQHandler)
    HAL_GPIO_Init                            0x08000b41   Thumb Code   408  stm32f1xx_hal_gpio.o(i.HAL_GPIO_Init)
    HAL_GPIO_WritePin                        0x08000cfd   Thumb Code    10  stm32f1xx_hal_gpio.o(i.HAL_GPIO_WritePin)
    HAL_GetTick                              0x08000d09   Thumb Code     6  stm32f1xx_hal.o(i.HAL_GetTick)
    HAL_IncTick                              0x08000d15   Thumb Code    10  stm32f1xx_hal.o(i.HAL_IncTick)
    HAL_Init                                 0x08000d25   Thumb Code    32  stm32f1xx_hal.o(i.HAL_Init)
    HAL_InitTick                             0x08000d49   Thumb Code    34  stm32f1xx_hal.o(i.HAL_InitTick)
    HAL_MspInit                              0x08000d6d   Thumb Code   118  stm32f1xx_hal_msp.o(i.HAL_MspInit)
    HAL_NVIC_EnableIRQ                       0x08000ded   Thumb Code    22  stm32f1xx_hal_cortex.o(i.HAL_NVIC_EnableIRQ)
    HAL_NVIC_SetPriority                     0x08000e05   Thumb Code    60  stm32f1xx_hal_cortex.o(i.HAL_NVIC_SetPriority)
    HAL_NVIC_SetPriorityGrouping             0x08000e45   Thumb Code    26  stm32f1xx_hal_cortex.o(i.HAL_NVIC_SetPriorityGrouping)
    HAL_PCDEx_PMAConfig                      0x08000e69   Thumb Code    52  stm32f1xx_hal_pcd_ex.o(i.HAL_PCDEx_PMAConfig)
    HAL_PCDEx_SetConnectionState             0x08000e9d   Thumb Code     2  usbd_conf.o(i.HAL_PCDEx_SetConnectionState)
    HAL_PCD_DataInStageCallback              0x08000e9f   Thumb Code    14  usbd_conf.o(i.HAL_PCD_DataInStageCallback)
    HAL_PCD_DataOutStageCallback             0x08000ead   Thumb Code    16  usbd_conf.o(i.HAL_PCD_DataOutStageCallback)
    HAL_PCD_EP_Close                         0x08000ebd   Thumb Code    64  stm32f1xx_hal_pcd.o(i.HAL_PCD_EP_Close)
    HAL_PCD_EP_ClrStall                      0x08000efd   Thumb Code    72  stm32f1xx_hal_pcd.o(i.HAL_PCD_EP_ClrStall)
    HAL_PCD_EP_GetRxCount                    0x08000f45   Thumb Code    16  stm32f1xx_hal_pcd.o(i.HAL_PCD_EP_GetRxCount)
    HAL_PCD_EP_Open                          0x08000f55   Thumb Code    68  stm32f1xx_hal_pcd.o(i.HAL_PCD_EP_Open)
    HAL_PCD_EP_Receive                       0x08000f99   Thumb Code    64  stm32f1xx_hal_pcd.o(i.HAL_PCD_EP_Receive)
    HAL_PCD_EP_SetStall                      0x08000fd9   Thumb Code    86  stm32f1xx_hal_pcd.o(i.HAL_PCD_EP_SetStall)
    HAL_PCD_EP_Transmit                      0x0800102f   Thumb Code    62  stm32f1xx_hal_pcd.o(i.HAL_PCD_EP_Transmit)
    HAL_PCD_IRQHandler                       0x0800106d   Thumb Code   266  stm32f1xx_hal_pcd.o(i.HAL_PCD_IRQHandler)
    HAL_PCD_Init                             0x08001179   Thumb Code   192  stm32f1xx_hal_pcd.o(i.HAL_PCD_Init)
    HAL_PCD_MspInit                          0x08001239   Thumb Code    50  usbd_conf.o(i.HAL_PCD_MspInit)
    HAL_PCD_ResetCallback                    0x08001275   Thumb Code    26  usbd_conf.o(i.HAL_PCD_ResetCallback)
    HAL_PCD_ResumeCallback                   0x0800128f   Thumb Code     8  usbd_conf.o(i.HAL_PCD_ResumeCallback)
    HAL_PCD_SOFCallback                      0x08001297   Thumb Code     8  usbd_conf.o(i.HAL_PCD_SOFCallback)
    HAL_PCD_SetAddress                       0x0800129f   Thumb Code    40  stm32f1xx_hal_pcd.o(i.HAL_PCD_SetAddress)
    HAL_PCD_SetupStageCallback               0x080012c7   Thumb Code    14  usbd_conf.o(i.HAL_PCD_SetupStageCallback)
    HAL_PCD_Start                            0x080012d5   Thumb Code    50  stm32f1xx_hal_pcd.o(i.HAL_PCD_Start)
    HAL_PCD_SuspendCallback                  0x08001309   Thumb Code    30  usbd_conf.o(i.HAL_PCD_SuspendCallback)
    HAL_RCCEx_PeriphCLKConfig                0x0800132d   Thumb Code   288  stm32f1xx_hal_rcc_ex.o(i.HAL_RCCEx_PeriphCLKConfig)
    HAL_RCC_ClockConfig                      0x08001459   Thumb Code   374  stm32f1xx_hal_rcc.o(i.HAL_RCC_ClockConfig)
    HAL_RCC_GetHCLKFreq                      0x080015e1   Thumb Code     6  stm32f1xx_hal_rcc.o(i.HAL_RCC_GetHCLKFreq)
    HAL_RCC_GetPCLK1Freq                     0x080015ed   Thumb Code    34  stm32f1xx_hal_rcc.o(i.HAL_RCC_GetPCLK1Freq)
    HAL_RCC_GetPCLK2Freq                     0x0800161d   Thumb Code    34  stm32f1xx_hal_rcc.o(i.HAL_RCC_GetPCLK2Freq)
    HAL_RCC_GetSysClockFreq                  0x0800164d   Thumb Code   102  stm32f1xx_hal_rcc.o(i.HAL_RCC_GetSysClockFreq)
    HAL_RCC_OscConfig                        0x080016d5   Thumb Code  1406  stm32f1xx_hal_rcc.o(i.HAL_RCC_OscConfig)
    HAL_SPI_Init                             0x08001c55   Thumb Code   132  stm32f1xx_hal_spi_ex.o(i.HAL_SPI_Init)
    HAL_SPI_MspInit                          0x08001cdd   Thumb Code    74  stm32f1xx_hal_msp.o(i.HAL_SPI_MspInit)
    HAL_SPI_TransmitReceive                  0x08001d35   Thumb Code   690  stm32f1xx_hal_spi.o(i.HAL_SPI_TransmitReceive)
    HAL_SYSTICK_CLKSourceConfig              0x08001fe7   Thumb Code    24  stm32f1xx_hal_cortex.o(i.HAL_SYSTICK_CLKSourceConfig)
    HAL_SYSTICK_Callback                     0x08001fff   Thumb Code     2  stm32f1xx_hal_cortex.o(i.HAL_SYSTICK_Callback)
    HAL_SYSTICK_Config                       0x08002001   Thumb Code    40  stm32f1xx_hal_cortex.o(i.HAL_SYSTICK_Config)
    HAL_SYSTICK_IRQHandler                   0x08002029   Thumb Code     8  stm32f1xx_hal_cortex.o(i.HAL_SYSTICK_IRQHandler)
    HAL_TIMEx_BreakCallback                  0x08002031   Thumb Code     2  stm32f1xx_hal_tim_ex.o(i.HAL_TIMEx_BreakCallback)
    HAL_TIMEx_CommutationCallback            0x08002033   Thumb Code     2  stm32f1xx_hal_tim_ex.o(i.HAL_TIMEx_CommutationCallback)
    HAL_TIMEx_MasterConfigSynchronization    0x08002035   Thumb Code    80  stm32f1xx_hal_tim_ex.o(i.HAL_TIMEx_MasterConfigSynchronization)
    HAL_TIM_Base_Init                        0x08002085   Thumb Code    54  stm32f1xx_hal_tim.o(i.HAL_TIM_Base_Init)
    HAL_TIM_Base_MspInit                     0x080020bd   Thumb Code    50  stm32f1xx_hal_msp.o(i.HAL_TIM_Base_MspInit)
    HAL_TIM_Base_Start_IT                    0x080020f9   Thumb Code    24  stm32f1xx_hal_tim.o(i.HAL_TIM_Base_Start_IT)
    HAL_TIM_ConfigClockSource                0x08002111   Thumb Code   242  stm32f1xx_hal_tim.o(i.HAL_TIM_ConfigClockSource)
    HAL_TIM_IC_CaptureCallback               0x08002203   Thumb Code     2  stm32f1xx_hal_tim.o(i.HAL_TIM_IC_CaptureCallback)
    HAL_TIM_IRQHandler                       0x08002205   Thumb Code   358  stm32f1xx_hal_tim.o(i.HAL_TIM_IRQHandler)
    HAL_TIM_OC_DelayElapsedCallback          0x0800236b   Thumb Code     2  stm32f1xx_hal_tim.o(i.HAL_TIM_OC_DelayElapsedCallback)
    HAL_TIM_PWM_PulseFinishedCallback        0x0800236d   Thumb Code     2  stm32f1xx_hal_tim.o(i.HAL_TIM_PWM_PulseFinishedCallback)
    HAL_TIM_PeriodElapsedCallback            0x0800236f   Thumb Code     2  stm32f1xx_hal_tim.o(i.HAL_TIM_PeriodElapsedCallback)
    HAL_TIM_TriggerCallback                  0x08002371   Thumb Code     2  stm32f1xx_hal_tim.o(i.HAL_TIM_TriggerCallback)
    HAL_UART_Init                            0x08002373   Thumb Code    94  stm32f1xx_hal_uart.o(i.HAL_UART_Init)
    HAL_UART_MspInit                         0x080023d1   Thumb Code    76  stm32f1xx_hal_msp.o(i.HAL_UART_MspInit)
    HardFault_Handler                        0x08002429   Thumb Code     2  stm32f1xx_it.o(i.HardFault_Handler)
    MPU6500_Write_Reg                        0x0800242d   Thumb Code    42  mpu6500.o(i.MPU6500_Write_Reg)
    MX_USB_DEVICE_Init                       0x080025bd   Thumb Code    38  usb_device.o(i.MX_USB_DEVICE_Init)
    MemManage_Handler                        0x080025f5   Thumb Code     2  stm32f1xx_it.o(i.MemManage_Handler)
    NMI_Handler                              0x080025f7   Thumb Code     2  stm32f1xx_it.o(i.NMI_Handler)
    PendSV_Handler                           0x0800297b   Thumb Code     2  stm32f1xx_it.o(i.PendSV_Handler)
    SVC_Handler                              0x08002a1b   Thumb Code     2  stm32f1xx_it.o(i.SVC_Handler)
    SysTick_Handler                          0x08002a1d   Thumb Code    14  stm32f1xx_it.o(i.SysTick_Handler)
    SystemClock_Config                       0x08002a2b   Thumb Code   126  main.o(i.SystemClock_Config)
    SystemInit                               0x08002aa9   Thumb Code    56  system_stm32f1xx.o(i.SystemInit)
    TIM1_UP_IRQHandler                       0x08002af1   Thumb Code    16  stm32f1xx_it.o(i.TIM1_UP_IRQHandler)
    TIM_Base_SetConfig                       0x08002b05   Thumb Code    86  stm32f1xx_hal_tim.o(i.TIM_Base_SetConfig)
    USBD_CDC_GetDeviceQualifierDescriptor    0x08002de9   Thumb Code     8  usbd_cdc.o(i.USBD_CDC_GetDeviceQualifierDescriptor)
    USBD_CDC_ReceivePacket                   0x08002ea1   Thumb Code    40  usbd_cdc.o(i.USBD_CDC_ReceivePacket)
    USBD_CDC_RegisterInterface               0x08002ec9   Thumb Code    16  usbd_cdc.o(i.USBD_CDC_RegisterInterface)
    USBD_CDC_SetRxBuffer                     0x08002ed9   Thumb Code    12  usbd_cdc.o(i.USBD_CDC_SetRxBuffer)
    USBD_CDC_SetTxBuffer                     0x08002ee5   Thumb Code    16  usbd_cdc.o(i.USBD_CDC_SetTxBuffer)
    USBD_CDC_TransmitPacket                  0x08002f65   Thumb Code    48  usbd_cdc.o(i.USBD_CDC_TransmitPacket)
    USBD_ClrClassConfig                      0x08002f95   Thumb Code    14  usbd_core.o(i.USBD_ClrClassConfig)
    USBD_CtlContinueRx                       0x08002fa3   Thumb Code    16  usbd_ioreq.o(i.USBD_CtlContinueRx)
    USBD_CtlContinueSendData                 0x08002fb3   Thumb Code    16  usbd_ioreq.o(i.USBD_CtlContinueSendData)
    USBD_CtlError                            0x08002fc3   Thumb Code    22  usbd_ctlreq.o(i.USBD_CtlError)
    USBD_CtlPrepareRx                        0x08002fd9   Thumb Code    30  usbd_ioreq.o(i.USBD_CtlPrepareRx)
    USBD_CtlReceiveStatus                    0x08002ff7   Thumb Code    22  usbd_ioreq.o(i.USBD_CtlReceiveStatus)
    USBD_CtlSendData                         0x0800300d   Thumb Code    26  usbd_ioreq.o(i.USBD_CtlSendData)
    USBD_CtlSendStatus                       0x08003027   Thumb Code    22  usbd_ioreq.o(i.USBD_CtlSendStatus)
    USBD_FS_ConfigStrDescriptor              0x0800303d   Thumb Code    16  usbd_desc.o(i.USBD_FS_ConfigStrDescriptor)
    USBD_FS_DeviceDescriptor                 0x0800305d   Thumb Code     8  usbd_desc.o(i.USBD_FS_DeviceDescriptor)
    USBD_FS_InterfaceStrDescriptor           0x08003069   Thumb Code    16  usbd_desc.o(i.USBD_FS_InterfaceStrDescriptor)
    USBD_FS_LangIDStrDescriptor              0x0800308d   Thumb Code     8  usbd_desc.o(i.USBD_FS_LangIDStrDescriptor)
    USBD_FS_ManufacturerStrDescriptor        0x08003099   Thumb Code    16  usbd_desc.o(i.USBD_FS_ManufacturerStrDescriptor)
    USBD_FS_ProductStrDescriptor             0x080030c1   Thumb Code    16  usbd_desc.o(i.USBD_FS_ProductStrDescriptor)
    USBD_FS_SerialStrDescriptor              0x080030ed   Thumb Code    16  usbd_desc.o(i.USBD_FS_SerialStrDescriptor)
    USBD_GetString                           0x080031f1   Thumb Code    70  usbd_ctlreq.o(i.USBD_GetString)
    USBD_Init                                0x08003237   Thumb Code    42  usbd_core.o(i.USBD_Init)
    USBD_LL_ClearStallEP                     0x08003261   Thumb Code    32  usbd_conf.o(i.USBD_LL_ClearStallEP)
    USBD_LL_CloseEP                          0x08003281   Thumb Code    32  usbd_conf.o(i.USBD_LL_CloseEP)
    USBD_LL_DataInStage                      0x080032a1   Thumb Code   170  usbd_core.o(i.USBD_LL_DataInStage)
    USBD_LL_DataOutStage                     0x0800334b   Thumb Code   106  usbd_core.o(i.USBD_LL_DataOutStage)
    USBD_LL_GetRxDataSize                    0x080033b5   Thumb Code     8  usbd_conf.o(i.USBD_LL_GetRxDataSize)
    USBD_LL_Init                             0x080033bd   Thumb Code   128  usbd_conf.o(i.USBD_LL_Init)
    USBD_LL_IsStallEP                        0x08003459   Thumb Code    28  usbd_conf.o(i.USBD_LL_IsStallEP)
    USBD_LL_OpenEP                           0x08003475   Thumb Code    38  usbd_conf.o(i.USBD_LL_OpenEP)
    USBD_LL_PrepareReceive                   0x0800349b   Thumb Code    32  usbd_conf.o(i.USBD_LL_PrepareReceive)
    USBD_LL_Reset                            0x080034bb   Thumb Code    62  usbd_core.o(i.USBD_LL_Reset)
    USBD_LL_Resume                           0x080034f9   Thumb Code    12  usbd_core.o(i.USBD_LL_Resume)
    USBD_LL_SOF                              0x08003505   Thumb Code    24  usbd_core.o(i.USBD_LL_SOF)
    USBD_LL_SetSpeed                         0x0800351d   Thumb Code     6  usbd_core.o(i.USBD_LL_SetSpeed)
    USBD_LL_SetUSBAddress                    0x08003523   Thumb Code    32  usbd_conf.o(i.USBD_LL_SetUSBAddress)
    USBD_LL_SetupStage                       0x08003543   Thumb Code    90  usbd_core.o(i.USBD_LL_SetupStage)
    USBD_LL_StallEP                          0x0800359d   Thumb Code    32  usbd_conf.o(i.USBD_LL_StallEP)
    USBD_LL_Start                            0x080035bd   Thumb Code    32  usbd_conf.o(i.USBD_LL_Start)
    USBD_LL_Suspend                          0x080035dd   Thumb Code    18  usbd_core.o(i.USBD_LL_Suspend)
    USBD_LL_Transmit                         0x080035ef   Thumb Code    32  usbd_conf.o(i.USBD_LL_Transmit)
    USBD_ParseSetupRequest                   0x0800360f   Thumb Code    40  usbd_ctlreq.o(i.USBD_ParseSetupRequest)
    USBD_RegisterClass                       0x08003637   Thumb Code    16  usbd_core.o(i.USBD_RegisterClass)
    USBD_SetClassConfig                      0x08003647   Thumb Code    22  usbd_core.o(i.USBD_SetClassConfig)
    USBD_Start                               0x080036d1   Thumb Code    10  usbd_core.o(i.USBD_Start)
    USBD_StdDevReq                           0x080036db   Thumb Code   242  usbd_ctlreq.o(i.USBD_StdDevReq)
    USBD_StdEPReq                            0x080037cd   Thumb Code   220  usbd_ctlreq.o(i.USBD_StdEPReq)
    USBD_StdItfReq                           0x080038a9   Thumb Code    52  usbd_ctlreq.o(i.USBD_StdItfReq)
    USBD_static_free                         0x080038dd   Thumb Code     2  usbd_conf.o(i.USBD_static_free)
    USBD_static_malloc                       0x080038e1   Thumb Code     4  usbd_conf.o(i.USBD_static_malloc)
    USB_ActivateEndpoint                     0x080038e9   Thumb Code   604  stm32f1xx_ll_usb.o(i.USB_ActivateEndpoint)
    USB_CoreInit                             0x08003b45   Thumb Code     4  stm32f1xx_ll_usb.o(i.USB_CoreInit)
    USB_DeactivateEndpoint                   0x08003b49   Thumb Code   292  stm32f1xx_ll_usb.o(i.USB_DeactivateEndpoint)
    USB_DevConnect                           0x08003c6d   Thumb Code     4  stm32f1xx_ll_usb.o(i.USB_DevConnect)
    USB_DevDisconnect                        0x08003c71   Thumb Code     4  stm32f1xx_ll_usb.o(i.USB_DevDisconnect)
    USB_DevInit                              0x08003c75   Thumb Code    18  stm32f1xx_ll_usb.o(i.USB_DevInit)
    USB_DisableGlobalInt                     0x08003c87   Thumb Code    14  stm32f1xx_ll_usb.o(i.USB_DisableGlobalInt)
    USB_EP0_OutStart                         0x08003c95   Thumb Code     4  stm32f1xx_ll_usb.o(i.USB_EP0_OutStart)
    USB_EPClearStall                         0x08003c99   Thumb Code   106  stm32f1xx_ll_usb.o(i.USB_EPClearStall)
    USB_EPSetStall                           0x08003d03   Thumb Code    74  stm32f1xx_ll_usb.o(i.USB_EPSetStall)
    USB_EPStartXfer                          0x08003d4d   Thumb Code   426  stm32f1xx_ll_usb.o(i.USB_EPStartXfer)
    USB_EnableGlobalInt                      0x08003ef7   Thumb Code    14  stm32f1xx_ll_usb.o(i.USB_EnableGlobalInt)
    USB_LP_CAN1_RX0_IRQHandler               0x08003f05   Thumb Code     6  stm32f1xx_it.o(i.USB_LP_CAN1_RX0_IRQHandler)
    USB_ReadInterrupts                       0x08003f11   Thumb Code     6  stm32f1xx_ll_usb.o(i.USB_ReadInterrupts)
    USB_ReadPMA                              0x08003f19   Thumb Code    30  stm32f1xx_ll_usb.o(i.USB_ReadPMA)
    USB_SetCurrentMode                       0x08003f37   Thumb Code     4  stm32f1xx_ll_usb.o(i.USB_SetCurrentMode)
    USB_SetDevAddress                        0x08003f3b   Thumb Code    12  stm32f1xx_ll_usb.o(i.USB_SetDevAddress)
    USB_WritePMA                             0x08003f47   Thumb Code    38  stm32f1xx_ll_usb.o(i.USB_WritePMA)
    UsageFault_Handler                       0x08003f6d   Thumb Code     2  stm32f1xx_it.o(i.UsageFault_Handler)
    _Error_Handler                           0x08003f6f   Thumb Code     2  main.o(i._Error_Handler)
    __scatterload_copy                       0x08003f71   Thumb Code    14  handlers.o(i.__scatterload_copy)
    __scatterload_null                       0x08003f7f   Thumb Code     2  handlers.o(i.__scatterload_null)
    __scatterload_zeroinit                   0x08003f81   Thumb Code    14  handlers.o(i.__scatterload_zeroinit)
    adc_start                                0x08003f91   Thumb Code    10  mpu6500.o(i.adc_start)
    main                                     0x08003fa5   Thumb Code   114  main.o(i.main)
    mpu6500_ReadtoUSB                        0x08004025   Thumb Code    92  mpu6500.o(i.mpu6500_ReadtoUSB)
    mpu6500_init                             0x08004091   Thumb Code   110  mpu6500.o(i.mpu6500_init)
    AHBPrescTable                            0x080040fe   Data          16  system_stm32f1xx.o(.constdata)
    APBPrescTable                            0x0800410e   Data           8  system_stm32f1xx.o(.constdata)
    Region$$Table$$Base                      0x08004118   Number         0  anon$$obj.o(Region$$Table)
    Region$$Table$$Limit                     0x08004138   Number         0  anon$$obj.o(Region$$Table)
    USBD_Interface_fops_FS                   0x20000000   Data          16  usbd_cdc_if.o(.data)
    UserRxBufferFS                           0x20000010   Data           4  usbd_cdc_if.o(.data)
    UserTxBufferFS                           0x20000014   Data           4  usbd_cdc_if.o(.data)
    FS_Desc                                  0x20000018   Data          28  usbd_desc.o(.data)
    USBD_LangIDDesc                          0x20000034   Data           4  usbd_desc.o(.data)
    USBD_FS_DeviceDesc                       0x20000038   Data          18  usbd_desc.o(.data)
    usb_enable                               0x2000004c   Data           1  mpu6500.o(.data)
    adc_value                                0x20000050   Data           4  mpu6500.o(.data)
    MPU6500_Acc                              0x20000054   Data           6  mpu6500.o(.data)
    uCRCErrorWorkaroundCheck                 0x2000005a   Data           1  stm32f1xx_hal_spi_ex.o(.data)
    SystemCoreClock                          0x20000060   Data           4  system_stm32f1xx.o(.data)
    USBD_CDC_CfgHSDesc                       0x20000078   Data          67  usbd_cdc.o(.data)
    USBD_CDC_CfgFSDesc                       0x200000bc   Data          67  usbd_cdc.o(.data)
    USBD_CDC_OtherSpeedCfgDesc               0x20000100   Data          67  usbd_cdc.o(.data)
    USBD_CDC                                 0x20000144   Data          56  usbd_cdc.o(.data)
    hadc1                                    0x2000017c   Data          48  main.o(.bss)
    hspi1                                    0x200001ac   Data          88  main.o(.bss)
    htim1                                    0x20000204   Data          60  main.o(.bss)
    huart1                                   0x20000240   Data          64  main.o(.bss)
    hdma_adc1                                0x20000280   Data          56  main.o(.bss)
    hUsbDeviceFS                             0x200002b8   Data         548  usb_device.o(.bss)
    hpcd_USB_FS                              0x200006fc   Data        1056  usbd_conf.o(.bss)
    USBD_StrDesc                             0x20000b1c   Data         512  usbd_desc.o(.bss)
    spi1txbuffer                             0x20000d1c   Data          17  mpu6500.o(.bss)
    spi1rxbuffer                             0x20000d2d   Data          17  mpu6500.o(.bss)
    __initial_sp                             0x20001140   Data           0  startup_stm32f103xb.o(STACK)



==============================================================================

Memory Map of the image

  Image Entry point : 0x080000ed

  Load Region LR_IROM1 (Base: 0x08000000, Size: 0x000042b4, Max: 0x00010000, ABSOLUTE, COMPRESSED[0x000041f4])

    Execution Region ER_IROM1 (Base: 0x08000000, Size: 0x00004138, Max: 0x00010000, ABSOLUTE)

    Base Addr    Size         Type   Attr      Idx    E Section Name        Object

    0x08000000   0x000000ec   Data   RO            3    RESET               startup_stm32f103xb.o
    0x080000ec   0x00000000   Code   RO         4230  * .ARM.Collect$$$$00000000  mc_w.l(entry.o)
    0x080000ec   0x00000004   Code   RO         4239    .ARM.Collect$$$$00000001  mc_w.l(entry2.o)
    0x080000f0   0x00000004   Code   RO         4242    .ARM.Collect$$$$00000004  mc_w.l(entry5.o)
    0x080000f4   0x00000000   Code   RO         4244    .ARM.Collect$$$$00000008  mc_w.l(entry7b.o)
    0x080000f4   0x00000000   Code   RO         4246    .ARM.Collect$$$$0000000A  mc_w.l(entry8b.o)
    0x080000f4   0x00000008   Code   RO         4247    .ARM.Collect$$$$0000000B  mc_w.l(entry9a.o)
    0x080000fc   0x00000000   Code   RO         4249    .ARM.Collect$$$$0000000D  mc_w.l(entry10a.o)
    0x080000fc   0x00000000   Code   RO         4251    .ARM.Collect$$$$0000000F  mc_w.l(entry11a.o)
    0x080000fc   0x00000004   Code   RO         4240    .ARM.Collect$$$$00002712  mc_w.l(entry2.o)
    0x08000100   0x00000024   Code   RO            4    .text               startup_stm32f103xb.o
    0x08000124   0x00000024   Code   RO         4235    .text               mc_w.l(memcpya.o)
    0x08000148   0x00000024   Code   RO         4253    .text               mc_w.l(init.o)
    0x0800016c   0x00000056   Code   RO         4263    .text               mc_w.l(__dczerorl2.o)
    0x080001c2   0x00000002   PAD
    0x080001c4   0x0000004c   Code   RO         3550    i.ADC_ConversionStop_Disable  stm32f1xx_hal_adc.o
    0x08000210   0x0000004e   Code   RO         3551    i.ADC_DMAConvCplt   stm32f1xx_hal_adc.o
    0x0800025e   0x0000001a   Code   RO         3552    i.ADC_DMAError      stm32f1xx_hal_adc.o
    0x08000278   0x0000000a   Code   RO         3553    i.ADC_DMAHalfConvCplt  stm32f1xx_hal_adc.o
    0x08000282   0x00000002   PAD
    0x08000284   0x00000070   Code   RO         3554    i.ADC_Enable        stm32f1xx_hal_adc.o
    0x080002f4   0x00000002   Code   RO           13    i.BusFault_Handler  stm32f1xx_it.o
    0x080002f6   0x00000004   Code   RO          629    i.CDC_Control_FS    usbd_cdc_if.o
    0x080002fa   0x00000004   Code   RO          630    i.CDC_DeInit_FS     usbd_cdc_if.o
    0x080002fe   0x00000002   PAD
    0x08000300   0x00000024   Code   RO          631    i.CDC_Init_FS       usbd_cdc_if.o
    0x08000324   0x00000030   Code   RO          632    i.CDC_Receive_FS    usbd_cdc_if.o
    0x08000354   0x0000002c   Code   RO          633    i.CDC_Transmit_FS   usbd_cdc_if.o
    0x08000380   0x0000000c   Code   RO           14    i.DMA1_Channel1_IRQHandler  stm32f1xx_it.o
    0x0800038c   0x0000001e   Code   RO         1717    i.DMA_SetConfig     stm32f1xx_hal_dma.o
    0x080003aa   0x00000002   Code   RO           15    i.DebugMon_Handler  stm32f1xx_it.o
    0x080003ac   0x00000006   Code   RO           16    i.EXTI1_IRQHandler  stm32f1xx_it.o
    0x080003b2   0x00000002   PAD
    0x080003b4   0x00000168   Code   RO         3556    i.HAL_ADC_ConfigChannel  stm32f1xx_hal_adc.o
    0x0800051c   0x00000002   Code   RO         3557    i.HAL_ADC_ConvCpltCallback  stm32f1xx_hal_adc.o
    0x0800051e   0x00000002   Code   RO         3558    i.HAL_ADC_ConvHalfCpltCallback  stm32f1xx_hal_adc.o
    0x08000520   0x00000002   Code   RO         3560    i.HAL_ADC_ErrorCallback  stm32f1xx_hal_adc.o
    0x08000522   0x00000002   PAD
    0x08000524   0x00000134   Code   RO         3565    i.HAL_ADC_Init      stm32f1xx_hal_adc.o
    0x08000658   0x00000098   Code   RO          299    i.HAL_ADC_MspInit   stm32f1xx_hal_msp.o
    0x080006f0   0x0000010c   Code   RO         3572    i.HAL_ADC_Start_DMA  stm32f1xx_hal_adc.o
    0x080007fc   0x0000026c   Code   RO         1722    i.HAL_DMA_IRQHandler  stm32f1xx_hal_dma.o
    0x08000a68   0x00000050   Code   RO         1723    i.HAL_DMA_Init      stm32f1xx_hal_dma.o
    0x08000ab8   0x00000058   Code   RO         1726    i.HAL_DMA_Start_IT  stm32f1xx_hal_dma.o
    0x08000b10   0x00000016   Code   RO         1590    i.HAL_Delay         stm32f1xx_hal.o
    0x08000b26   0x00000002   Code   RO         1518    i.HAL_GPIO_EXTI_Callback  stm32f1xx_hal_gpio.o
    0x08000b28   0x00000018   Code   RO         1519    i.HAL_GPIO_EXTI_IRQHandler  stm32f1xx_hal_gpio.o
    0x08000b40   0x000001bc   Code   RO         1520    i.HAL_GPIO_Init     stm32f1xx_hal_gpio.o
    0x08000cfc   0x0000000a   Code   RO         1524    i.HAL_GPIO_WritePin  stm32f1xx_hal_gpio.o
    0x08000d06   0x00000002   PAD
    0x08000d08   0x0000000c   Code   RO         1594    i.HAL_GetTick       stm32f1xx_hal.o
    0x08000d14   0x00000010   Code   RO         1595    i.HAL_IncTick       stm32f1xx_hal.o
    0x08000d24   0x00000024   Code   RO         1596    i.HAL_Init          stm32f1xx_hal.o
    0x08000d48   0x00000022   Code   RO         1597    i.HAL_InitTick      stm32f1xx_hal.o
    0x08000d6a   0x00000002   PAD
    0x08000d6c   0x00000080   Code   RO          300    i.HAL_MspInit       stm32f1xx_hal_msp.o
    0x08000dec   0x00000016   Code   RO         2998    i.HAL_NVIC_EnableIRQ  stm32f1xx_hal_cortex.o
    0x08000e02   0x00000002   PAD
    0x08000e04   0x00000040   Code   RO         3004    i.HAL_NVIC_SetPriority  stm32f1xx_hal_cortex.o
    0x08000e44   0x00000024   Code   RO         3005    i.HAL_NVIC_SetPriorityGrouping  stm32f1xx_hal_cortex.o
    0x08000e68   0x00000034   Code   RO         3520    i.HAL_PCDEx_PMAConfig  stm32f1xx_hal_pcd_ex.o
    0x08000e9c   0x00000002   Code   RO          422    i.HAL_PCDEx_SetConnectionState  usbd_conf.o
    0x08000e9e   0x0000000e   Code   RO          424    i.HAL_PCD_DataInStageCallback  usbd_conf.o
    0x08000eac   0x00000010   Code   RO          425    i.HAL_PCD_DataOutStageCallback  usbd_conf.o
    0x08000ebc   0x00000040   Code   RO         3314    i.HAL_PCD_EP_Close  stm32f1xx_hal_pcd.o
    0x08000efc   0x00000048   Code   RO         3315    i.HAL_PCD_EP_ClrStall  stm32f1xx_hal_pcd.o
    0x08000f44   0x00000010   Code   RO         3317    i.HAL_PCD_EP_GetRxCount  stm32f1xx_hal_pcd.o
    0x08000f54   0x00000044   Code   RO         3318    i.HAL_PCD_EP_Open   stm32f1xx_hal_pcd.o
    0x08000f98   0x00000040   Code   RO         3319    i.HAL_PCD_EP_Receive  stm32f1xx_hal_pcd.o
    0x08000fd8   0x00000056   Code   RO         3320    i.HAL_PCD_EP_SetStall  stm32f1xx_hal_pcd.o
    0x0800102e   0x0000003e   Code   RO         3321    i.HAL_PCD_EP_Transmit  stm32f1xx_hal_pcd.o
    0x0800106c   0x0000010a   Code   RO         3323    i.HAL_PCD_IRQHandler  stm32f1xx_hal_pcd.o
    0x08001176   0x00000002   PAD
    0x08001178   0x000000c0   Code   RO         3326    i.HAL_PCD_Init      stm32f1xx_hal_pcd.o
    0x08001238   0x0000003c   Code   RO          430    i.HAL_PCD_MspInit   usbd_conf.o
    0x08001274   0x0000001a   Code   RO          431    i.HAL_PCD_ResetCallback  usbd_conf.o
    0x0800128e   0x00000008   Code   RO          432    i.HAL_PCD_ResumeCallback  usbd_conf.o
    0x08001296   0x00000008   Code   RO          433    i.HAL_PCD_SOFCallback  usbd_conf.o
    0x0800129e   0x00000028   Code   RO         3332    i.HAL_PCD_SetAddress  stm32f1xx_hal_pcd.o
    0x080012c6   0x0000000e   Code   RO          434    i.HAL_PCD_SetupStageCallback  usbd_conf.o
    0x080012d4   0x00000032   Code   RO         3334    i.HAL_PCD_Start     stm32f1xx_hal_pcd.o
    0x08001306   0x00000002   PAD
    0x08001308   0x00000024   Code   RO          435    i.HAL_PCD_SuspendCallback  usbd_conf.o
    0x0800132c   0x0000012c   Code   RO         1898    i.HAL_RCCEx_PeriphCLKConfig  stm32f1xx_hal_rcc_ex.o
    0x08001458   0x00000188   Code   RO         1795    i.HAL_RCC_ClockConfig  stm32f1xx_hal_rcc.o
    0x080015e0   0x0000000c   Code   RO         1800    i.HAL_RCC_GetHCLKFreq  stm32f1xx_hal_rcc.o
    0x080015ec   0x00000030   Code   RO         1802    i.HAL_RCC_GetPCLK1Freq  stm32f1xx_hal_rcc.o
    0x0800161c   0x00000030   Code   RO         1803    i.HAL_RCC_GetPCLK2Freq  stm32f1xx_hal_rcc.o
    0x0800164c   0x00000088   Code   RO         1804    i.HAL_RCC_GetSysClockFreq  stm32f1xx_hal_rcc.o
    0x080016d4   0x0000057e   Code   RO         1807    i.HAL_RCC_OscConfig  stm32f1xx_hal_rcc.o
    0x08001c52   0x00000002   PAD
    0x08001c54   0x00000088   Code   RO         1484    i.HAL_SPI_Init      stm32f1xx_hal_spi_ex.o
    0x08001cdc   0x00000058   Code   RO          302    i.HAL_SPI_MspInit   stm32f1xx_hal_msp.o
    0x08001d34   0x000002b2   Code   RO         2034    i.HAL_SPI_TransmitReceive  stm32f1xx_hal_spi.o
    0x08001fe6   0x00000018   Code   RO         3007    i.HAL_SYSTICK_CLKSourceConfig  stm32f1xx_hal_cortex.o
    0x08001ffe   0x00000002   Code   RO         3008    i.HAL_SYSTICK_Callback  stm32f1xx_hal_cortex.o
    0x08002000   0x00000028   Code   RO         3009    i.HAL_SYSTICK_Config  stm32f1xx_hal_cortex.o
    0x08002028   0x00000008   Code   RO         3010    i.HAL_SYSTICK_IRQHandler  stm32f1xx_hal_cortex.o
    0x08002030   0x00000002   Code   RO         2763    i.HAL_TIMEx_BreakCallback  stm32f1xx_hal_tim_ex.o
    0x08002032   0x00000002   Code   RO         2764    i.HAL_TIMEx_CommutationCallback  stm32f1xx_hal_tim_ex.o
    0x08002034   0x00000050   Code   RO         2780    i.HAL_TIMEx_MasterConfigSynchronization  stm32f1xx_hal_tim_ex.o
    0x08002084   0x00000036   Code   RO          855    i.HAL_TIM_Base_Init  stm32f1xx_hal_tim.o
    0x080020ba   0x00000002   PAD
    0x080020bc   0x0000003c   Code   RO          304    i.HAL_TIM_Base_MspInit  stm32f1xx_hal_msp.o
    0x080020f8   0x00000018   Code   RO          860    i.HAL_TIM_Base_Start_IT  stm32f1xx_hal_tim.o
    0x08002110   0x000000f2   Code   RO          864    i.HAL_TIM_ConfigClockSource  stm32f1xx_hal_tim.o
    0x08002202   0x00000002   Code   RO          884    i.HAL_TIM_IC_CaptureCallback  stm32f1xx_hal_tim.o
    0x08002204   0x00000166   Code   RO          897    i.HAL_TIM_IRQHandler  stm32f1xx_hal_tim.o
    0x0800236a   0x00000002   Code   RO          900    i.HAL_TIM_OC_DelayElapsedCallback  stm32f1xx_hal_tim.o
    0x0800236c   0x00000002   Code   RO          927    i.HAL_TIM_PWM_PulseFinishedCallback  stm32f1xx_hal_tim.o
    0x0800236e   0x00000002   Code   RO          934    i.HAL_TIM_PeriodElapsedCallback  stm32f1xx_hal_tim.o
    0x08002370   0x00000002   Code   RO          938    i.HAL_TIM_TriggerCallback  stm32f1xx_hal_tim.o
    0x08002372   0x0000005e   Code   RO         2278    i.HAL_UART_Init     stm32f1xx_hal_uart.o
    0x080023d0   0x00000058   Code   RO          306    i.HAL_UART_MspInit  stm32f1xx_hal_msp.o
    0x08002428   0x00000002   Code   RO           17    i.HardFault_Handler  stm32f1xx_it.o
    0x0800242a   0x00000002   PAD
    0x0800242c   0x00000038   Code   RO          797    i.MPU6500_Write_Reg  mpu6500.o
    0x08002464   0x00000048   Code   RO          222    i.MX_ADC1_Init      main.o
    0x080024ac   0x0000007c   Code   RO          223    i.MX_GPIO_Init      main.o
    0x08002528   0x00000040   Code   RO          224    i.MX_SPI1_Init      main.o
    0x08002568   0x00000054   Code   RO          225    i.MX_TIM1_Init      main.o
    0x080025bc   0x00000038   Code   RO          371    i.MX_USB_DEVICE_Init  usb_device.o
    0x080025f4   0x00000002   Code   RO           18    i.MemManage_Handler  stm32f1xx_it.o
    0x080025f6   0x00000002   Code   RO           19    i.NMI_Handler       stm32f1xx_it.o
    0x080025f8   0x00000020   Code   RO         3011    i.NVIC_SetPriority  stm32f1xx_hal_cortex.o
    0x08002618   0x00000362   Code   RO         3337    i.PCD_EP_ISR_Handler  stm32f1xx_hal_pcd.o
    0x0800297a   0x00000002   Code   RO           20    i.PendSV_Handler    stm32f1xx_it.o
    0x0800297c   0x0000009e   Code   RO         2056    i.SPI_WaitOnFlagUntilTimeout  stm32f1xx_hal_spi.o
    0x08002a1a   0x00000002   Code   RO           21    i.SVC_Handler       stm32f1xx_it.o
    0x08002a1c   0x0000000e   Code   RO           22    i.SysTick_Handler   stm32f1xx_it.o
    0x08002a2a   0x0000007e   Code   RO          226    i.SystemClock_Config  main.o
    0x08002aa8   0x00000048   Code   RO         3827    i.SystemInit        system_stm32f1xx.o
    0x08002af0   0x00000014   Code   RO           23    i.TIM1_UP_IRQHandler  stm32f1xx_it.o
    0x08002b04   0x00000064   Code   RO          939    i.TIM_Base_SetConfig  stm32f1xx_hal_tim.o
    0x08002b68   0x00000014   Code   RO          946    i.TIM_ETR_SetConfig  stm32f1xx_hal_tim.o
    0x08002b7c   0x00000010   Code   RO          947    i.TIM_ITRx_SetConfig  stm32f1xx_hal_tim.o
    0x08002b8c   0x00000022   Code   RO          953    i.TIM_TI1_ConfigInputStage  stm32f1xx_hal_tim.o
    0x08002bae   0x00000024   Code   RO          955    i.TIM_TI2_ConfigInputStage  stm32f1xx_hal_tim.o
    0x08002bd2   0x00000002   PAD
    0x08002bd4   0x00000170   Code   RO         2297    i.UART_SetConfig    stm32f1xx_hal_uart.o
    0x08002d44   0x00000014   Code   RO         4127    i.USBD_CDC_DataIn   usbd_cdc.o
    0x08002d58   0x0000002e   Code   RO         4128    i.USBD_CDC_DataOut  usbd_cdc.o
    0x08002d86   0x0000003c   Code   RO         4129    i.USBD_CDC_DeInit   usbd_cdc.o
    0x08002dc2   0x00000024   Code   RO         4130    i.USBD_CDC_EP0_RxReady  usbd_cdc.o
    0x08002de6   0x00000002   PAD
    0x08002de8   0x0000000c   Code   RO         4131    i.USBD_CDC_GetDeviceQualifierDescriptor  usbd_cdc.o
    0x08002df4   0x0000000c   Code   RO         4132    i.USBD_CDC_GetFSCfgDesc  usbd_cdc.o
    0x08002e00   0x0000000c   Code   RO         4133    i.USBD_CDC_GetHSCfgDesc  usbd_cdc.o
    0x08002e0c   0x0000000c   Code   RO         4134    i.USBD_CDC_GetOtherSpeedCfgDesc  usbd_cdc.o
    0x08002e18   0x00000088   Code   RO         4135    i.USBD_CDC_Init     usbd_cdc.o
    0x08002ea0   0x00000028   Code   RO         4136    i.USBD_CDC_ReceivePacket  usbd_cdc.o
    0x08002ec8   0x00000010   Code   RO         4137    i.USBD_CDC_RegisterInterface  usbd_cdc.o
    0x08002ed8   0x0000000c   Code   RO         4138    i.USBD_CDC_SetRxBuffer  usbd_cdc.o
    0x08002ee4   0x00000010   Code   RO         4139    i.USBD_CDC_SetTxBuffer  usbd_cdc.o
    0x08002ef4   0x00000070   Code   RO         4140    i.USBD_CDC_Setup    usbd_cdc.o
    0x08002f64   0x00000030   Code   RO         4141    i.USBD_CDC_TransmitPacket  usbd_cdc.o
    0x08002f94   0x0000000e   Code   RO         3864    i.USBD_ClrClassConfig  usbd_core.o
    0x08002fa2   0x00000010   Code   RO         4002    i.USBD_CtlContinueRx  usbd_ioreq.o
    0x08002fb2   0x00000010   Code   RO         4003    i.USBD_CtlContinueSendData  usbd_ioreq.o
    0x08002fc2   0x00000016   Code   RO         4062    i.USBD_CtlError     usbd_ctlreq.o
    0x08002fd8   0x0000001e   Code   RO         4004    i.USBD_CtlPrepareRx  usbd_ioreq.o
    0x08002ff6   0x00000016   Code   RO         4005    i.USBD_CtlReceiveStatus  usbd_ioreq.o
    0x0800300c   0x0000001a   Code   RO         4006    i.USBD_CtlSendData  usbd_ioreq.o
    0x08003026   0x00000016   Code   RO         4007    i.USBD_CtlSendStatus  usbd_ioreq.o
    0x0800303c   0x00000020   Code   RO          681    i.USBD_FS_ConfigStrDescriptor  usbd_desc.o
    0x0800305c   0x0000000c   Code   RO          682    i.USBD_FS_DeviceDescriptor  usbd_desc.o
    0x08003068   0x00000024   Code   RO          683    i.USBD_FS_InterfaceStrDescriptor  usbd_desc.o
    0x0800308c   0x0000000c   Code   RO          684    i.USBD_FS_LangIDStrDescriptor  usbd_desc.o
    0x08003098   0x00000028   Code   RO          685    i.USBD_FS_ManufacturerStrDescriptor  usbd_desc.o
    0x080030c0   0x0000002c   Code   RO          686    i.USBD_FS_ProductStrDescriptor  usbd_desc.o
    0x080030ec   0x00000024   Code   RO          687    i.USBD_FS_SerialStrDescriptor  usbd_desc.o
    0x08003110   0x000000e0   Code   RO         4063    i.USBD_GetDescriptor  usbd_ctlreq.o
    0x080031f0   0x00000046   Code   RO         4064    i.USBD_GetString    usbd_ctlreq.o
    0x08003236   0x0000002a   Code   RO         3866    i.USBD_Init         usbd_core.o
    0x08003260   0x00000020   Code   RO          436    i.USBD_LL_ClearStallEP  usbd_conf.o
    0x08003280   0x00000020   Code   RO          437    i.USBD_LL_CloseEP   usbd_conf.o
    0x080032a0   0x000000aa   Code   RO         3867    i.USBD_LL_DataInStage  usbd_core.o
    0x0800334a   0x0000006a   Code   RO         3868    i.USBD_LL_DataOutStage  usbd_core.o
    0x080033b4   0x00000008   Code   RO          441    i.USBD_LL_GetRxDataSize  usbd_conf.o
    0x080033bc   0x0000009c   Code   RO          442    i.USBD_LL_Init      usbd_conf.o
    0x08003458   0x0000001c   Code   RO          443    i.USBD_LL_IsStallEP  usbd_conf.o
    0x08003474   0x00000026   Code   RO          444    i.USBD_LL_OpenEP    usbd_conf.o
    0x0800349a   0x00000020   Code   RO          445    i.USBD_LL_PrepareReceive  usbd_conf.o
    0x080034ba   0x0000003e   Code   RO         3873    i.USBD_LL_Reset     usbd_core.o
    0x080034f8   0x0000000c   Code   RO         3874    i.USBD_LL_Resume    usbd_core.o
    0x08003504   0x00000018   Code   RO         3875    i.USBD_LL_SOF       usbd_core.o
    0x0800351c   0x00000006   Code   RO         3876    i.USBD_LL_SetSpeed  usbd_core.o
    0x08003522   0x00000020   Code   RO          446    i.USBD_LL_SetUSBAddress  usbd_conf.o
    0x08003542   0x0000005a   Code   RO         3877    i.USBD_LL_SetupStage  usbd_core.o
    0x0800359c   0x00000020   Code   RO          447    i.USBD_LL_StallEP   usbd_conf.o
    0x080035bc   0x00000020   Code   RO          448    i.USBD_LL_Start     usbd_conf.o
    0x080035dc   0x00000012   Code   RO         3878    i.USBD_LL_Suspend   usbd_core.o
    0x080035ee   0x00000020   Code   RO          450    i.USBD_LL_Transmit  usbd_conf.o
    0x0800360e   0x00000028   Code   RO         4065    i.USBD_ParseSetupRequest  usbd_ctlreq.o
    0x08003636   0x00000010   Code   RO         3879    i.USBD_RegisterClass  usbd_core.o
    0x08003646   0x00000016   Code   RO         3881    i.USBD_SetClassConfig  usbd_core.o
    0x0800365c   0x00000074   Code   RO         4066    i.USBD_SetConfig    usbd_ctlreq.o
    0x080036d0   0x0000000a   Code   RO         3882    i.USBD_Start        usbd_core.o
    0x080036da   0x000000f2   Code   RO         4067    i.USBD_StdDevReq    usbd_ctlreq.o
    0x080037cc   0x000000dc   Code   RO         4068    i.USBD_StdEPReq     usbd_ctlreq.o
    0x080038a8   0x00000034   Code   RO         4069    i.USBD_StdItfReq    usbd_ctlreq.o
    0x080038dc   0x00000002   Code   RO          451    i.USBD_static_free  usbd_conf.o
    0x080038de   0x00000002   PAD
    0x080038e0   0x00000008   Code   RO          452    i.USBD_static_malloc  usbd_conf.o
    0x080038e8   0x0000025c   Code   RO         3113    i.USB_ActivateEndpoint  stm32f1xx_ll_usb.o
    0x08003b44   0x00000004   Code   RO         3116    i.USB_CoreInit      stm32f1xx_ll_usb.o
    0x08003b48   0x00000124   Code   RO         3118    i.USB_DeactivateEndpoint  stm32f1xx_ll_usb.o
    0x08003c6c   0x00000004   Code   RO         3119    i.USB_DevConnect    stm32f1xx_ll_usb.o
    0x08003c70   0x00000004   Code   RO         3120    i.USB_DevDisconnect  stm32f1xx_ll_usb.o
    0x08003c74   0x00000012   Code   RO         3121    i.USB_DevInit       stm32f1xx_ll_usb.o
    0x08003c86   0x0000000e   Code   RO         3122    i.USB_DisableGlobalInt  stm32f1xx_ll_usb.o
    0x08003c94   0x00000004   Code   RO         3123    i.USB_EP0_OutStart  stm32f1xx_ll_usb.o
    0x08003c98   0x0000006a   Code   RO         3124    i.USB_EPClearStall  stm32f1xx_ll_usb.o
    0x08003d02   0x0000004a   Code   RO         3125    i.USB_EPSetStall    stm32f1xx_ll_usb.o
    0x08003d4c   0x000001aa   Code   RO         3126    i.USB_EPStartXfer   stm32f1xx_ll_usb.o
    0x08003ef6   0x0000000e   Code   RO         3127    i.USB_EnableGlobalInt  stm32f1xx_ll_usb.o
    0x08003f04   0x0000000c   Code   RO           24    i.USB_LP_CAN1_RX0_IRQHandler  stm32f1xx_it.o
    0x08003f10   0x00000006   Code   RO         3134    i.USB_ReadInterrupts  stm32f1xx_ll_usb.o
    0x08003f16   0x00000002   PAD
    0x08003f18   0x0000001e   Code   RO         3135    i.USB_ReadPMA       stm32f1xx_ll_usb.o
    0x08003f36   0x00000004   Code   RO         3137    i.USB_SetCurrentMode  stm32f1xx_ll_usb.o
    0x08003f3a   0x0000000c   Code   RO         3138    i.USB_SetDevAddress  stm32f1xx_ll_usb.o
    0x08003f46   0x00000026   Code   RO         3140    i.USB_WritePMA      stm32f1xx_ll_usb.o
    0x08003f6c   0x00000002   Code   RO           25    i.UsageFault_Handler  stm32f1xx_it.o
    0x08003f6e   0x00000002   Code   RO          227    i._Error_Handler    main.o
    0x08003f70   0x0000000e   Code   RO         4257    i.__scatterload_copy  mc_w.l(handlers.o)
    0x08003f7e   0x00000002   Code   RO         4258    i.__scatterload_null  mc_w.l(handlers.o)
    0x08003f80   0x0000000e   Code   RO         4259    i.__scatterload_zeroinit  mc_w.l(handlers.o)
    0x08003f8e   0x00000002   PAD
    0x08003f90   0x00000014   Code   RO          798    i.adc_start         mpu6500.o
    0x08003fa4   0x00000080   Code   RO          228    i.main              main.o
    0x08004024   0x0000006c   Code   RO          800    i.mpu6500_ReadtoUSB  mpu6500.o
    0x08004090   0x0000006e   Code   RO          801    i.mpu6500_init      mpu6500.o
    0x080040fe   0x00000010   Data   RO         3828    .constdata          system_stm32f1xx.o
    0x0800410e   0x00000008   Data   RO         3829    .constdata          system_stm32f1xx.o
    0x08004116   0x00000002   PAD
    0x08004118   0x00000020   Data   RO         4255    Region$$Table       anon$$obj.o


    Execution Region RW_IRAM1 (Base: 0x20000000, Size: 0x00001140, Max: 0x00005000, ABSOLUTE, COMPRESSED[0x000000bc])

    Base Addr    Size         Type   Attr      Idx    E Section Name        Object

    0x20000000   0x00000010   Data   RW          634    .data               usbd_cdc_if.o
    0x20000010   0x00000008   Data   RW          635    .data               usbd_cdc_if.o
    0x20000018   0x0000001c   Data   RW          689    .data               usbd_desc.o
    0x20000034   0x00000016   Data   RW          690    .data               usbd_desc.o
    0x2000004a   0x00000002   PAD
    0x2000004c   0x0000000e   Data   RW          803    .data               mpu6500.o
    0x2000005a   0x00000001   Data   RW         1486    .data               stm32f1xx_hal_spi_ex.o
    0x2000005b   0x00000001   PAD
    0x2000005c   0x00000004   Data   RW         1602    .data               stm32f1xx_hal.o
    0x20000060   0x00000004   Data   RW         3830    .data               system_stm32f1xx.o
    0x20000064   0x00000001   Data   RW         4070    .data               usbd_ctlreq.o
    0x20000065   0x00000003   PAD
    0x20000068   0x000000db   Data   RW         4142    .data               usbd_cdc.o
    0x20000143   0x00000001   PAD
    0x20000144   0x00000038   Data   RW         4143    .data               usbd_cdc.o
    0x2000017c   0x00000104   Zero   RW          229    .bss                main.o
    0x20000280   0x00000038   Zero   RW          230    .bss                main.o
    0x200002b8   0x00000224   Zero   RW          372    .bss                usb_device.o
    0x200004dc   0x00000640   Zero   RW          453    .bss                usbd_conf.o
    0x20000b1c   0x00000200   Zero   RW          688    .bss                usbd_desc.o
    0x20000d1c   0x00000022   Zero   RW          802    .bss                mpu6500.o
    0x20000d3e   0x00000002   PAD
    0x20000d40   0x00000400   Zero   RW            1    STACK               startup_stm32f103xb.o


==============================================================================

Image component sizes


      Code (inc. data)   RO Data    RW Data    ZI Data      Debug   Object Name

       600         54          0          0        316       9337   main.o
       294         40          0         14         34       2850   mpu6500.o
        36          8        236          0       1024        804   startup_stm32f103xb.o
       120         16          0          4          0       3622   stm32f1xx_hal.o
      1244         52          0          0          0       8618   stm32f1xx_hal_adc.o
       228         14          0          0          0      27421   stm32f1xx_hal_cortex.o
       818          4          0          0          0       3635   stm32f1xx_hal_dma.o
       480         42          0          0          0       4176   stm32f1xx_hal_gpio.o
       516         96          0          0          0       3488   stm32f1xx_hal_msp.o
      1846          0          0          0          0      10301   stm32f1xx_hal_pcd.o
        52          0          0          0          0       1182   stm32f1xx_hal_pcd_ex.o
      2042         98          0          0          0       5852   stm32f1xx_hal_rcc.o
       300         12          0          0          0       1328   stm32f1xx_hal_rcc_ex.o
       848          0          0          0          0       2950   stm32f1xx_hal_spi.o
       136          4          0          1          0       1366   stm32f1xx_hal_spi_ex.o
       894         14          0          0          0       9987   stm32f1xx_hal_tim.o
        84          0          0          0          0       2342   stm32f1xx_hal_tim_ex.o
       462          4          0          0          0       1924   stm32f1xx_hal_uart.o
        80         16          0          0          0     492974   stm32f1xx_it.o
      1654          0          0          0          0      12627   stm32f1xx_ll_usb.o
        72         16         24          4          0       1155   system_stm32f1xx.o
        56         18          0          0        548       2395   usb_device.o
       590         22          0        275          0      12710   usbd_cdc.o
       136         26          0         24          0       3255   usbd_cdc_if.o
       648         48          0          0       1600      13209   usbd_conf.o
       592          0          0          0          0       9196   usbd_core.o
       986         30          0          1          0       7768   usbd_ctlreq.o
       212        116          0         50        512       4943   usbd_desc.o
       132          0          0          0          0       4344   usbd_ioreq.o

    ----------------------------------------------------------------------
     16190        750        294        380       4036     665759   Object Totals
         0          0         32          0          0          0   (incl. Generated)
        32          0          2          7          2          0   (incl. Padding)

    ----------------------------------------------------------------------

      Code (inc. data)   RO Data    RW Data    ZI Data      Debug   Library Member Name

        86          0          0          0          0          0   __dczerorl2.o
         0          0          0          0          0          0   entry.o
         0          0          0          0          0          0   entry10a.o
         0          0          0          0          0          0   entry11a.o
         8          4          0          0          0          0   entry2.o
         4          0          0          0          0          0   entry5.o
         0          0          0          0          0          0   entry7b.o
         0          0          0          0          0          0   entry8b.o
         8          4          0          0          0          0   entry9a.o
        30          0          0          0          0          0   handlers.o
        36          8          0          0          0         68   init.o
        36          0          0          0          0         68   memcpya.o

    ----------------------------------------------------------------------
       212         16          0          0          0        136   Library Totals
         4          0          0          0          0          0   (incl. Padding)

    ----------------------------------------------------------------------

      Code (inc. data)   RO Data    RW Data    ZI Data      Debug   Library Name

       208         16          0          0          0        136   mc_w.l

    ----------------------------------------------------------------------
       212         16          0          0          0        136   Library Totals

    ----------------------------------------------------------------------

==============================================================================


      Code (inc. data)   RO Data    RW Data    ZI Data      Debug   

     16402        766        294        380       4036     656091   Grand Totals
     16402        766        294        188       4036     656091   ELF Image Totals (compressed)
     16402        766        294        188          0          0   ROM Totals

==============================================================================

    Total RO  Size (Code + RO Data)                16696 (  16.30kB)
    Total RW  Size (RW Data + ZI Data)              4416 (   4.31kB)
    Total ROM Size (Code + RO Data + RW Data)      16884 (  16.49kB)

==============================================================================

